{smcl}
{com}{sf}{ul off}{txt}{.-}
      name:  {res}<unnamed>
       {txt}log:  {res}/Users/andrew/Desktop/PAF 9272/HW 4 /Andrew Singh HW 4 Log File.smcl
  {txt}log type:  {res}smcl
 {txt}opened on:  {res} 5 Dec 2023, 22:10:35
{txt}
{com}. use "/Users/andrew/Downloads/survey12m_X1.dta"
{txt}
{com}. 
. * Command for Ai - find how many people in counts #/% in treatment vs control group
. tab treatment

 {txt}Selected in {c |}
 the lottery {c |}      Freq.     Percent        Cum.
{hline 13}{c +}{hline 35}
Not selected {c |}{res}     45,088       60.18       60.18
{txt}    Selected {c |}{res}     29,834       39.82      100.00
{txt}{hline 13}{c +}{hline 35}
       Total {c |}{res}     74,922      100.00
{txt}
{com}. 
. * Command for Aii - how many people overall and within each of the two key groups 
. tab sample_12m 

     {txt}Twelve month mail survey {c |}
sample (individual was mailed {c |}
       a twelve month survey) {c |}      Freq.     Percent        Cum.
{hline 30}{c +}{hline 35}
NOT in 12m mail survey sample {c |}{res}     16,517       22.05       22.05
{txt}    In 12m mail survey sample {c |}{res}     58,405       77.95      100.00
{txt}{hline 30}{c +}{hline 35}
                        Total {c |}{res}     74,922      100.00
{txt}
{com}. tab sample_12m if treatment == 1

     {txt}Twelve month mail survey {c |}
sample (individual was mailed {c |}
       a twelve month survey) {c |}      Freq.     Percent        Cum.
{hline 30}{c +}{hline 35}
NOT in 12m mail survey sample {c |}{res}        245        0.82        0.82
{txt}    In 12m mail survey sample {c |}{res}     29,589       99.18      100.00
{txt}{hline 30}{c +}{hline 35}
                        Total {c |}{res}     29,834      100.00
{txt}
{com}. tab sample_12m if treatment == 0

     {txt}Twelve month mail survey {c |}
sample (individual was mailed {c |}
       a twelve month survey) {c |}      Freq.     Percent        Cum.
{hline 30}{c +}{hline 35}
NOT in 12m mail survey sample {c |}{res}     16,272       36.09       36.09
{txt}    In 12m mail survey sample {c |}{res}     28,816       63.91      100.00
{txt}{hline 30}{c +}{hline 35}
                        Total {c |}{res}     45,088      100.00
{txt}
{com}. 
. * Command for Aiii - response rates overall 
. tab in_survey_12m if treatment == 1 

    {txt}Has 12m {c |}
survey data {c |}      Freq.     Percent        Cum.
{hline 12}{c +}{hline 35}
         No {c |}{res}     17,778       60.08       60.08
{txt}        Yes {c |}{res}     11,811       39.92      100.00
{txt}{hline 12}{c +}{hline 35}
      Total {c |}{res}     29,589      100.00
{txt}
{com}. tab in_survey_12m if treatment == 0

    {txt}Has 12m {c |}
survey data {c |}      Freq.     Percent        Cum.
{hline 12}{c +}{hline 35}
         No {c |}{res}     16,850       58.47       58.47
{txt}        Yes {c |}{res}     11,966       41.53      100.00
{txt}{hline 12}{c +}{hline 35}
      Total {c |}{res}     28,816      100.00
{txt}
{com}. 
. * Command for Aiii - hypothesis testing
. tab in_survey_12m treatment, chi col
{txt}
{c TLC}{hline 19}{c TRC}
{c |} Key{col 21}{c |}
{c LT}{hline 19}{c RT}
{c |}{space 5}{it:frequency}{col 21}{c |}
{c |}{space 1}{it:column percentage}{col 21}{c |}
{c BLC}{hline 19}{c BRC}

   Has 12m {c |}    Selected in the
    survey {c |}        lottery
      data {c |} Not selec   Selected {c |}     Total
{hline 11}{c +}{hline 22}{c +}{hline 10}
        No {c |}{res}    16,850     17,778 {txt}{c |}{res}    34,628 
           {txt}{c |}{res}     58.47      60.08 {txt}{c |}{res}     59.29 
{txt}{hline 11}{c +}{hline 22}{c +}{hline 10}
       Yes {c |}{res}    11,966     11,811 {txt}{c |}{res}    23,777 
           {txt}{c |}{res}     41.53      39.92 {txt}{c |}{res}     40.71 
{txt}{hline 11}{c +}{hline 22}{c +}{hline 10}
     Total {c |}{res}    28,816     29,589 {txt}{c |}{res}    58,405 
           {txt}{c |}{res}    100.00     100.00 {txt}{c |}{res}    100.00 

{txt}          Pearson chi2({res}1{txt}) = {res} 15.6520  {txt} Pr = {res}0.000
{txt}
{com}. 
. * Command for Bi - self-reported health status in the 12m survey
. tab health_gen_12m treatment, col chi
{txt}
{c TLC}{hline 19}{c TRC}
{c |} Key{col 21}{c |}
{c LT}{hline 19}{c RT}
{c |}{space 5}{it:frequency}{col 21}{c |}
{c |}{space 1}{it:column percentage}{col 21}{c |}
{c BLC}{hline 19}{c BRC}

           {c |}    Selected in the
   Overall {c |}        lottery
    health {c |} Not selec   Selected {c |}     Total
{hline 11}{c +}{hline 22}{c +}{hline 10}
      poor {c |}{res}     1,652      1,269 {txt}{c |}{res}     2,921 
           {txt}{c |}{res}     14.04      10.91 {txt}{c |}{res}     12.48 
{txt}{hline 11}{c +}{hline 22}{c +}{hline 10}
      fair {c |}{res}     3,727      3,423 {txt}{c |}{res}     7,150 
           {txt}{c |}{res}     31.68      29.42 {txt}{c |}{res}     30.56 
{txt}{hline 11}{c +}{hline 22}{c +}{hline 10}
      good {c |}{res}     4,005      4,317 {txt}{c |}{res}     8,322 
           {txt}{c |}{res}     34.05      37.11 {txt}{c |}{res}     35.57 
{txt}{hline 11}{c +}{hline 22}{c +}{hline 10}
 very good {c |}{res}     1,838      1,990 {txt}{c |}{res}     3,828 
           {txt}{c |}{res}     15.63      17.11 {txt}{c |}{res}     16.36 
{txt}{hline 11}{c +}{hline 22}{c +}{hline 10}
 excellent {c |}{res}       541        635 {txt}{c |}{res}     1,176 
           {txt}{c |}{res}      4.60       5.46 {txt}{c |}{res}      5.03 
{txt}{hline 11}{c +}{hline 22}{c +}{hline 10}
     Total {c |}{res}    11,763     11,634 {txt}{c |}{res}    23,397 
           {txt}{c |}{res}    100.00     100.00 {txt}{c |}{res}    100.00 

{txt}          Pearson chi2({res}4{txt}) = {res} 87.6818  {txt} Pr = {res}0.000
{txt}
{com}. 
. * Command for Bii - generate a new dummy variable 
. tab health_gen_12m 

    {txt}Overall {c |}
     health {c |}      Freq.     Percent        Cum.
{hline 12}{c +}{hline 35}
       poor {c |}{res}      2,921       12.48       12.48
{txt}       fair {c |}{res}      7,150       30.56       43.04
{txt}       good {c |}{res}      8,322       35.57       78.61
{txt}  very good {c |}{res}      3,828       16.36       94.97
{txt}  excellent {c |}{res}      1,176        5.03      100.00
{txt}{hline 12}{c +}{hline 35}
      Total {c |}{res}     23,397      100.00
{txt}
{com}. tab health_gen_12m , nolabel

    {txt}Overall {c |}
     health {c |}      Freq.     Percent        Cum.
{hline 12}{c +}{hline 35}
          1 {c |}{res}      2,921       12.48       12.48
{txt}          2 {c |}{res}      7,150       30.56       43.04
{txt}          3 {c |}{res}      8,322       35.57       78.61
{txt}          4 {c |}{res}      3,828       16.36       94.97
{txt}          5 {c |}{res}      1,176        5.03      100.00
{txt}{hline 12}{c +}{hline 35}
      Total {c |}{res}     23,397      100.00
{txt}
{com}. gen good_health = .
{err}variable {bf}good_health{sf} already defined
{txt}{search r(110), local:r(110);}

end of do-file

{search r(110), local:r(110);}

{com}. mean ins+any
{err}+ invalid name
{txt}{search r(198), local:r(198);}

{com}. describe

{txt}Contains data from {res}/Users/andrew/Downloads/survey12m_X1.dta
{txt} Observations:{res}        74,922                  
{txt}    Variables:{res}            40                  27 Nov 2023 19:08
{txt}{hline}
Variable      Storage   Display    Value
    name         type    format    label      Variable label
{hline}
{p 0 48}{res}{bind:person_id      }{txt}{bind: float   }{bind:{txt}%9.0g     }{space 1}{bind:         }{bind:  }{res}{res}Scrambled individual identifier{p_end}
{p 0 48}{bind:sample_12m     }{txt}{bind: byte    }{bind:{txt}%29.0g    }{space 1}{txt}sample_12m{p_end}
{p 0 48}{space 44}{bind:  }{res}{res}Twelve month mail survey sample (individual was mailed a twelve month survey){p_end}
{p 0 48}{bind:in_survey_12m  }{txt}{bind: byte    }{bind:{txt}%9.0g     }{space 1}{bind:yesno    }{bind:  }{res}{res}Has 12m survey data{p_end}
{p 0 48}{bind:weight_12m     }{txt}{bind: float   }{bind:{txt}%9.0g     }{space 1}{bind:         }{bind:  }{res}{res}Final 12-month weights{p_end}
{p 0 48}{bind:protocol_12m   }{txt}{bind: float   }{bind:{txt}%9.0g     }{space 1}{txt}protocol_12m{p_end}
{p 0 48}{space 44}{bind:  }{res}{res}12m mail survey - basic or intensive protocol group{p_end}
{p 0 48}{bind:ins_any_12m    }{txt}{bind: byte    }{bind:{txt}%9.0g     }{space 1}{bind:yesno    }{bind:  }{res}{res}Currently have any type of insurance{p_end}
{p 0 48}{bind:usual_care_12m }{txt}{bind: byte    }{bind:{txt}%22.0g    }{space 1}{txt}usual_care2{p_end}
{p 0 48}{space 44}{bind:  }{res}{res}Usual place for medical care{p_end}
{p 0 48}{bind:doc_any_12m    }{txt}{bind: byte    }{bind:{txt}%9.0g     }{space 1}{bind:yesno    }{bind:  }{res}{res}Any primary care visits{p_end}
{p 0 48}{bind:er_any_12m     }{txt}{bind: byte    }{bind:{txt}%9.0g     }{space 1}{bind:yesno    }{bind:  }{res}{res}Any ER visits{p_end}
{p 0 48}{bind:er_noner_12m   }{txt}{bind: byte    }{bind:{txt}%9.0g     }{space 1}{bind:yesno    }{bind:  }{res}{res}Used ER for non-ER care{p_end}
{p 0 48}{bind:cost_tot_oo~12m}{txt}{bind: float   }{bind:{txt}%9.0g     }{space 1}{bind:         }{bind:  }{res}{res}Total out of pocket costs for medical care, last 6 months{p_end}
{p 0 48}{bind:cost_any_ow~12m}{txt}{bind: byte    }{bind:{txt}%9.0g     }{space 1}{bind:yesno    }{bind:  }{res}{res}Currently owe money for medical expenses{p_end}
{p 0 48}{bind:cost_borrow_12m}{txt}{bind: byte    }{bind:{txt}%9.0g     }{space 1}{bind:yesno    }{bind:  }{res}{res}Borrowed money/skipped bills to pay health care bills in last 6 months?{p_end}
{p 0 48}{bind:cost_refuse~12m}{txt}{bind: byte    }{bind:{txt}%9.0g     }{space 1}{bind:yesno    }{bind:  }{res}{res}Have you been refused care because you owed money for a past treatment?{p_end}
{p 0 48}{bind:happiness_12m  }{txt}{bind: byte    }{bind:{txt}%13.0g    }{space 1}{txt}happiness_lbl{p_end}
{p 0 48}{space 44}{bind:  }{res}{res}Current overall happiness{p_end}
{p 0 48}{bind:health_gen_12m }{txt}{bind: byte    }{bind:{txt}%9.0g     }{space 1}{txt}health_gen_lbl{p_end}
{p 0 48}{space 44}{bind:  }{res}{res}Overall health{p_end}
{p 0 48}{bind:health_chg_12m }{txt}{bind: byte    }{bind:{txt}%9.0g     }{space 1}{txt}health_chg_lbl{p_end}
{p 0 48}{space 44}{bind:  }{res}{res}How has your health changed: past 6 months{p_end}
{p 0 48}{bind:dep_interes~12m}{txt}{bind: byte    }{bind:{txt}%23.0g    }{space 1}{txt}dep_interest_lbl{p_end}
{p 0 48}{space 44}{bind:  }{res}{res}How often have you been disinterested in doing things (past 2 weeks){p_end}
{p 0 48}{bind:dep_sad_12m    }{txt}{bind: byte    }{bind:{txt}%23.0g    }{space 1}{txt}dep_sad_lbl{p_end}
{p 0 48}{space 44}{bind:  }{res}{res}How often have you felt down, depressed, hopeless (past 2 weeks){p_end}
{p 0 48}{bind:smk_curr_12m   }{txt}{bind: byte    }{bind:{txt}%10.0g    }{space 1}{bind:smk_lbl  }{bind:  }{res}{res}Do you currently smoke cigarettes?{p_end}
{p 0 48}{bind:female_12m     }{txt}{bind: byte    }{bind:{txt}%9.0g     }{space 1}{bind:female   }{bind:  }{res}{res}Female: 12m survey{p_end}
{p 0 48}{bind:birthyear_12m  }{txt}{bind: int     }{bind:{txt}%9.0g     }{space 1}{bind:         }{bind:  }{res}{res}Birth year: 12m survey{p_end}
{p 0 48}{bind:employ_12m     }{txt}{bind: byte    }{bind:{txt}%9.0g     }{space 1}{bind:yesno    }{bind:  }{res}{res}Currently employed{p_end}
{p 0 48}{bind:hhinc_pctfp~12m}{txt}{bind: float   }{bind:{txt}%3.0f     }{space 1}{bind:         }{bind:  }{res}{res}Household income as percent of federal poverty line{p_end}
{p 0 48}{bind:race_hisp_12m  }{txt}{bind: byte    }{bind:{txt}%9.0g     }{space 1}{bind:yesno    }{bind:  }{res}{res}Self-identify as Spanish, Hispanic or Latino?{p_end}
{p 0 48}{bind:race_white_12m }{txt}{bind: byte    }{bind:{txt}%9.0g     }{space 1}{bind:yesno    }{bind:  }{res}{res}Self-identify as: white{p_end}
{p 0 48}{bind:race_black_12m }{txt}{bind: byte    }{bind:{txt}%9.0g     }{space 1}{bind:yesno    }{bind:  }{res}{res}Self-identify as: black{p_end}
{p 0 48}{bind:race_amerin~12m}{txt}{bind: byte    }{bind:{txt}%9.0g     }{space 1}{bind:yesno    }{bind:  }{res}{res}Self-identify as: American Indian or Alaska Native{p_end}
{p 0 48}{bind:race_asian_12m }{txt}{bind: byte    }{bind:{txt}%9.0g     }{space 1}{bind:yesno    }{bind:  }{res}{res}Self-identify as: asian{p_end}
{p 0 48}{bind:race_pacifi~12m}{txt}{bind: byte    }{bind:{txt}%9.0g     }{space 1}{bind:yesno    }{bind:  }{res}{res}Self-identify as: native hawaiian or pacific islander (12m survey){p_end}
{p 0 48}{bind:race_other_~12m}{txt}{bind: byte    }{bind:{txt}%9.0g     }{space 1}{bind:yesno    }{bind:  }{res}{res}Self-identify as: other race{p_end}
{p 0 48}{bind:edu_12m        }{txt}{bind: byte    }{bind:{txt}%27.0g    }{space 1}{bind:edu_lbl  }{bind:  }{res}{res}Highest level of education completed{p_end}
{p 0 48}{bind:needmet_med~12m}{txt}{bind: byte    }{bind:{txt}%9.0g     }{space 1}{bind:yesno    }{bind:  }{res}{res}Got all needed medical care in last 6 months, or no med care needed (corrected){p_end}
{p 0 48}{bind:needmet_rx_~12m}{txt}{bind: byte    }{bind:{txt}%9.0g     }{space 1}{bind:yesno    }{bind:  }{res}{res}Got all needed prescriptions in last 6 months, or no rx needed (corrected){p_end}
{p 0 48}{bind:needmet_den~12m}{txt}{bind: byte    }{bind:{txt}%9.0g     }{space 1}{bind:yesno    }{bind:  }{res}{res}Got all needed dental care in last 6 months, or no dental care needed (corrected{p_end}
{p 0 48}{bind:household_id   }{txt}{bind: float   }{bind:{txt}%9.0g     }{space 1}{bind:         }{bind:  }{res}{res}Scrambled household identifier{p_end}
{p 0 48}{bind:treatment      }{txt}{bind: byte    }{bind:{txt}%12.0g    }{space 1}{bind:lottery  }{bind:  }{res}{res}Selected in the lottery{p_end}
{p 0 48}{bind:numhh_list     }{txt}{bind: byte    }{bind:{txt}%36.0g    }{space 1}{txt}numhh_list{p_end}
{p 0 48}{space 44}{bind:  }{res}{res}Number of people in household on lottery list{p_end}
{p 0 48}{bind:good_health_12m}{txt}{bind: float   }{bind:{txt}%9.0g     }{space 1}{bind:         }{bind:  }{res}{res}{p_end}
{p 0 48}{bind:good_health    }{txt}{bind: float   }{bind:{txt}%9.0g     }{space 1}{bind:         }{bind:  }{res}{res}{p_end}
{txt}{hline}
Sorted by: {res}treatment

{com}. mean ins_any
{res}
{txt}{col 1}Mean estimation{col 41}{lalign 13:Number of obs}{col 54} = {res}{ralign 6:23,386}

{txt}{hline 13}{c TT}{hline 11}{hline 11}{hline 14}{hline 12}
{col 14}{c |}       Mean{col 26}   Std. err.{col 38}     [95% con{col 51}f. interval]
{hline 13}{c +}{hline 11}{hline 11}{hline 14}{hline 12}
{space 1}ins_any_12m {c |}{col 14}{res}{space 2} .4128538{col 26}{space 2} .0032196{col 37}{space 5} .4065432{col 51}{space 3} .4191645
{txt}{hline 13}{c BT}{hline 11}{hline 11}{hline 14}{hline 12}

{com}. sum ins_any

{txt}    Variable {c |}        Obs        Mean    Std. dev.       Min        Max
{hline 13}{c +}{hline 57}
{space 1}ins_any_12m {c |}{res}     23,386    .4128538    .4923575          0          1

{com}. tab usual_care

       {txt}Usual place for {c |}
          medical care {c |}      Freq.     Percent        Cum.
{hline 23}{c +}{hline 35}
        private clinic {c |}{res}      6,079       38.64       38.64
{txt}         public clinic {c |}{res}      4,659       29.61       68.26
{txt} hospital-based clinic {c |}{res}      1,295        8.23       76.49
{txt}           hospital ER {c |}{res}      1,250        7.95       84.43
{txt}    urgent care clinic {c |}{res}        685        4.35       88.79
{txt}           other place {c |}{res}      1,061        6.74       95.53
{txt}don't have usual place {c |}{res}        703        4.47      100.00
{txt}{hline 23}{c +}{hline 35}
                 Total {c |}{res}     15,732      100.00

{com}. tab usual_care, nolabel

{txt}Usual place {c |}
for medical {c |}
       care {c |}      Freq.     Percent        Cum.
{hline 12}{c +}{hline 35}
          1 {c |}{res}      6,079       38.64       38.64
{txt}          2 {c |}{res}      4,659       29.61       68.26
{txt}          3 {c |}{res}      1,295        8.23       76.49
{txt}          4 {c |}{res}      1,250        7.95       84.43
{txt}          5 {c |}{res}        685        4.35       88.79
{txt}          6 {c |}{res}      1,061        6.74       95.53
{txt}          7 {c |}{res}        703        4.47      100.00
{txt}{hline 12}{c +}{hline 35}
      Total {c |}{res}     15,732      100.00

{com}. tab usual_care, by treatment
{err}option {bf:by} not allowed
{txt}{search r(198), local:r(198);}

{com}. tab usual_care, by (treatment)
{err}option {bf:by()} not allowed
{txt}{search r(198), local:r(198);}

{com}. ttest usual_care, by (treatment)

{txt}Two-sample t test with equal variances
{hline 9}{c TT}{hline 68}
   Group{col 10}{c |}{col 16}Obs{col 27}Mean{col 35}Std. err.{col 47}Std. dev.{col 59}[95% conf. interval]
{hline 9}{c +}{hline 68}
Not sele {c |}{res}{col 12}  7,697{col 22} 2.648434{col 34} .0208829{col 46} 1.832112{col 58} 2.607498{col 70} 2.689371
{txt}Selected {c |}{res}{col 12}  8,035{col 22} 2.315993{col 34} .0189653{col 46} 1.700016{col 58} 2.278816{col 70} 2.353169
{txt}{hline 9}{c +}{hline 68}
Combined {c |}{res}{col 12} 15,732{col 22} 2.478642{col 34} .0141407{col 46} 1.773627{col 58} 2.450925{col 70}  2.50636
{txt}{hline 9}{c +}{hline 68}
    diff {c |}{res}{col 22} .3324419{col 34} .0281643{col 58} .2772366{col 70} .3876472
{txt}{hline 9}{c BT}{hline 68}
    diff = mean({res}Not sele{txt}) - mean({res}Selected{txt})                        t = {res} 11.8037
{txt}H0: diff = 0                                     Degrees of freedom = {res}   15730

    {txt}Ha: diff < 0                 Ha: diff != 0                 Ha: diff > 0
 Pr(T < t) = {res}1.0000         {txt}Pr(|T| > |t|) = {res}0.0000          {txt}Pr(T > t) = {res}0.0000

{com}. tab usual_care treatment, col chi
{txt}
{c TLC}{hline 19}{c TRC}
{c |} Key{col 21}{c |}
{c LT}{hline 19}{c RT}
{c |}{space 5}{it:frequency}{col 21}{c |}
{c |}{space 1}{it:column percentage}{col 21}{c |}
{c BLC}{hline 19}{c BRC}

                      {c |}    Selected in the
      Usual place for {c |}        lottery
         medical care {c |} Not selec   Selected {c |}     Total
{hline 22}{c +}{hline 22}{c +}{hline 10}
       private clinic {c |}{res}     2,642      3,437 {txt}{c |}{res}     6,079 
                      {txt}{c |}{res}     34.33      42.78 {txt}{c |}{res}     38.64 
{txt}{hline 22}{c +}{hline 22}{c +}{hline 10}
        public clinic {c |}{res}     2,308      2,351 {txt}{c |}{res}     4,659 
                      {txt}{c |}{res}     29.99      29.26 {txt}{c |}{res}     29.61 
{txt}{hline 22}{c +}{hline 22}{c +}{hline 10}
hospital-based clinic {c |}{res}       608        687 {txt}{c |}{res}     1,295 
                      {txt}{c |}{res}      7.90       8.55 {txt}{c |}{res}      8.23 
{txt}{hline 22}{c +}{hline 22}{c +}{hline 10}
          hospital ER {c |}{res}       767        483 {txt}{c |}{res}     1,250 
                      {txt}{c |}{res}      9.96       6.01 {txt}{c |}{res}      7.95 
{txt}{hline 22}{c +}{hline 22}{c +}{hline 10}
   urgent care clinic {c |}{res}       386        299 {txt}{c |}{res}       685 
                      {txt}{c |}{res}      5.01       3.72 {txt}{c |}{res}      4.35 
{txt}{hline 22}{c +}{hline 22}{c +}{hline 10}
          other place {c |}{res}       597        464 {txt}{c |}{res}     1,061 
                      {txt}{c |}{res}      7.76       5.77 {txt}{c |}{res}      6.74 
{txt}{hline 22}{c +}{hline 22}{c +}{hline 10}
don't have usual plac {c |}{res}       389        314 {txt}{c |}{res}       703 
                      {txt}{c |}{res}      5.05       3.91 {txt}{c |}{res}      4.47 
{txt}{hline 22}{c +}{hline 22}{c +}{hline 10}
                Total {c |}{res}     7,697      8,035 {txt}{c |}{res}    15,732 
                      {txt}{c |}{res}    100.00     100.00 {txt}{c |}{res}    100.00 

{txt}          Pearson chi2({res}6{txt}) = {res}202.2641  {txt} Pr = {res}0.000

{com}. sum cost_tot_oop

{txt}    Variable {c |}        Obs        Mean    Std. dev.       Min        Max
{hline 13}{c +}{hline 57}
cost_tot~12m {c |}{res}     22,766    1702.763    155876.7          0   2.20e+07

{com}. sum hhinc_pctfpl

{txt}    Variable {c |}        Obs        Mean    Std. dev.       Min        Max
{hline 13}{c +}{hline 57}
hhinc_pc~12m {c |}{res}     21,391    76.93193     69.0823          0   461.6898

{com}. sum needmet_med_cor

{txt}    Variable {c |}        Obs        Mean    Std. dev.       Min        Max
{hline 13}{c +}{hline 57}
needmet_me~m {c |}{res}     22,940    .6191369    .4856096          0          1

{com}. sum needmet_rx_cor

{txt}    Variable {c |}        Obs        Mean    Std. dev.       Min        Max
{hline 13}{c +}{hline 57}
needmet_rx~m {c |}{res}     22,860    .7196413    .4491843          0          1

{com}. sum needmet_dent_cor

{txt}    Variable {c |}        Obs        Mean    Std. dev.       Min        Max
{hline 13}{c +}{hline 57}
needmet_de~m {c |}{res}     23,172    .4102365    .4918871          0          1

{com}. tab smk_curr

     {txt}Do you {c |}
  currently {c |}
      smoke {c |}
cigarettes? {c |}      Freq.     Percent        Cum.
{hline 12}{c +}{hline 35}
  every day {c |}{res}      7,461       32.24       32.24
{txt}  some days {c |}{res}      2,087        9.02       41.26
{txt} not at all {c |}{res}     13,593       58.74      100.00
{txt}{hline 12}{c +}{hline 35}
      Total {c |}{res}     23,141      100.00

{com}. tab smk_curr treatment

    {txt}Do you {c |}
 currently {c |}
     smoke {c |}    Selected in the
cigarettes {c |}        lottery
         ? {c |} Not selec   Selected {c |}     Total
{hline 11}{c +}{hline 22}{c +}{hline 10}
 every day {c |}{res}     3,793      3,668 {txt}{c |}{res}     7,461 
{txt} some days {c |}{res}     1,071      1,016 {txt}{c |}{res}     2,087 
{txt}not at all {c |}{res}     6,754      6,839 {txt}{c |}{res}    13,593 
{txt}{hline 11}{c +}{hline 22}{c +}{hline 10}
     Total {c |}{res}    11,618     11,523 {txt}{c |}{res}    23,141 

{com}. tab smk_curr if treatment == 1

     {txt}Do you {c |}
  currently {c |}
      smoke {c |}
cigarettes? {c |}      Freq.     Percent        Cum.
{hline 12}{c +}{hline 35}
  every day {c |}{res}      3,668       31.83       31.83
{txt}  some days {c |}{res}      1,016        8.82       40.65
{txt} not at all {c |}{res}      6,839       59.35      100.00
{txt}{hline 12}{c +}{hline 35}
      Total {c |}{res}     11,523      100.00

{com}. tab smk_curr, nolabel

     {txt}Do you {c |}
  currently {c |}
      smoke {c |}
cigarettes? {c |}      Freq.     Percent        Cum.
{hline 12}{c +}{hline 35}
          1 {c |}{res}      7,461       32.24       32.24
{txt}          2 {c |}{res}      2,087        9.02       41.26
{txt}          3 {c |}{res}     13,593       58.74      100.00
{txt}{hline 12}{c +}{hline 35}
      Total {c |}{res}     23,141      100.00

{com}. tab ins_any

  {txt}Currently {c |}
   have any {c |}
    type of {c |}
  insurance {c |}      Freq.     Percent        Cum.
{hline 12}{c +}{hline 35}
         No {c |}{res}     13,731       58.71       58.71
{txt}        Yes {c |}{res}      9,655       41.29      100.00
{txt}{hline 12}{c +}{hline 35}
      Total {c |}{res}     23,386      100.00

{com}. max (cost_tot_opp)
{err}command {bf}max{sf} is unrecognized
{txt}{search r(199), local:r(199);}

{com}. max cost_tot_opp
{err}command {bf}max{sf} is unrecognized
{txt}{search r(199), local:r(199);}

{com}. sum cost_tot_opp
{err}variable {bf}cost_tot_opp{sf} not found
{txt}{search r(111), local:r(111);}

{com}. sum cost_tot_oop

{txt}    Variable {c |}        Obs        Mean    Std. dev.       Min        Max
{hline 13}{c +}{hline 57}
cost_tot~12m {c |}{res}     22,766    1702.763    155876.7          0   2.20e+07

{com}. mean cost_tot_oop
{res}
{txt}{col 1}Mean estimation{col 45}{lalign 13:Number of obs}{col 58} = {res}{ralign 6:22,766}

{txt}{hline 17}{c TT}{hline 11}{hline 11}{hline 14}{hline 12}
{col 18}{c |}       Mean{col 30}   Std. err.{col 42}     [95% con{col 55}f. interval]
{hline 17}{c +}{hline 11}{hline 11}{hline 14}{hline 12}
cost_tot_oop_12m {c |}{col 18}{res}{space 2} 1702.763{col 30}{space 2} 1033.089{col 41}{space 5} -322.163{col 55}{space 3} 3727.689
{txt}{hline 17}{c BT}{hline 11}{hline 11}{hline 14}{hline 12}

{com}. tab cost_tot_oop

  {txt}Total out {c |}
  of pocket {c |}
  costs for {c |}
    medical {c |}
 care, last {c |}
   6 months {c |}      Freq.     Percent        Cum.
{hline 12}{c +}{hline 35}
          0 {c |}{res}     11,992       52.68       52.68
{txt}          1 {c |}{res}          3        0.01       52.69
{txt}        1.5 {c |}{res}          1        0.00       52.69
{txt}          2 {c |}{res}          5        0.02       52.71
{txt}          3 {c |}{res}         11        0.05       52.76
{txt}       3.25 {c |}{res}          1        0.00       52.77
{txt}       3.99 {c |}{res}          1        0.00       52.77
{txt}          4 {c |}{res}         25        0.11       52.88
{txt}        4.2 {c |}{res}          1        0.00       52.89
{txt}          5 {c |}{res}         25        0.11       53.00
{txt}          6 {c |}{res}         19        0.08       53.08
{txt}          7 {c |}{res}          3        0.01       53.09
{txt}        7.5 {c |}{res}          1        0.00       53.10
{txt}          8 {c |}{res}         18        0.08       53.18
{txt}          9 {c |}{res}         14        0.06       53.24
{txt}         10 {c |}{res}         78        0.34       53.58
{txt}         11 {c |}{res}          5        0.02       53.60
{txt}         12 {c |}{res}         36        0.16       53.76
{txt}      12.82 {c |}{res}          1        0.00       53.76
{txt}         13 {c |}{res}          6        0.03       53.79
{txt}       13.5 {c |}{res}          1        0.00       53.80
{txt}         14 {c |}{res}          5        0.02       53.82
{txt}         15 {c |}{res}         71        0.31       54.13
{txt}         16 {c |}{res}         12        0.05       54.18
{txt}      16.71 {c |}{res}          1        0.00       54.19
{txt}      16.99 {c |}{res}          1        0.00       54.19
{txt}         17 {c |}{res}          6        0.03       54.22
{txt}       17.5 {c |}{res}          1        0.00       54.22
{txt}      17.96 {c |}{res}          1        0.00       54.23
{txt}         18 {c |}{res}         26        0.11       54.34
{txt}         19 {c |}{res}          3        0.01       54.35
{txt}      19.75 {c |}{res}          1        0.00       54.36
{txt}      19.92 {c |}{res}          1        0.00       54.36
{txt}         20 {c |}{res}        233        1.02       55.39
{txt}      20.18 {c |}{res}          1        0.00       55.39
{txt}      20.32 {c |}{res}          1        0.00       55.39
{txt}         21 {c |}{res}          8        0.04       55.43
{txt}         22 {c |}{res}          3        0.01       55.44
{txt}      22.79 {c |}{res}          1        0.00       55.45
{txt}         23 {c |}{res}         11        0.05       55.50
{txt}       23.5 {c |}{res}          1        0.00       55.50
{txt}         24 {c |}{res}         32        0.14       55.64
{txt}         25 {c |}{res}         92        0.40       56.04
{txt}      25.65 {c |}{res}          1        0.00       56.05
{txt}         26 {c |}{res}          8        0.04       56.08
{txt}         27 {c |}{res}         12        0.05       56.14
{txt}         28 {c |}{res}          6        0.03       56.16
{txt}         29 {c |}{res}          3        0.01       56.18
{txt}         30 {c |}{res}        173        0.76       56.94
{txt}         31 {c |}{res}          2        0.01       56.94
{txt}         32 {c |}{res}          6        0.03       56.97
{txt}       32.5 {c |}{res}          2        0.01       56.98
{txt}         33 {c |}{res}          4        0.02       57.00
{txt}         34 {c |}{res}          6        0.03       57.02
{txt}         35 {c |}{res}         47        0.21       57.23
{txt}       35.5 {c |}{res}          1        0.00       57.23
{txt}         36 {c |}{res}         20        0.09       57.32
{txt}         37 {c |}{res}          4        0.02       57.34
{txt}       37.5 {c |}{res}          1        0.00       57.34
{txt}         38 {c |}{res}          8        0.04       57.38
{txt}         39 {c |}{res}          6        0.03       57.41
{txt}         40 {c |}{res}        197        0.87       58.27
{txt}         41 {c |}{res}          1        0.00       58.28
{txt}         42 {c |}{res}         11        0.05       58.32
{txt}      42.66 {c |}{res}          1        0.00       58.33
{txt}         43 {c |}{res}          9        0.04       58.37
{txt}         44 {c |}{res}          7        0.03       58.40
{txt}         45 {c |}{res}         57        0.25       58.65
{txt}       45.3 {c |}{res}          1        0.00       58.65
{txt}         46 {c |}{res}          5        0.02       58.68
{txt}         47 {c |}{res}          2        0.01       58.68
{txt}         48 {c |}{res}         21        0.09       58.78
{txt}      48.99 {c |}{res}          1        0.00       58.78
{txt}         49 {c |}{res}          5        0.02       58.80
{txt}         50 {c |}{res}        298        1.31       60.11
{txt}         51 {c |}{res}          2        0.01       60.12
{txt}         52 {c |}{res}          5        0.02       60.14
{txt}         53 {c |}{res}          2        0.01       60.15
{txt}         54 {c |}{res}         17        0.07       60.23
{txt}         55 {c |}{res}         28        0.12       60.35
{txt}         56 {c |}{res}         11        0.05       60.40
{txt}         57 {c |}{res}          6        0.03       60.42
{txt}         58 {c |}{res}          8        0.04       60.46
{txt}         59 {c |}{res}          1        0.00       60.46
{txt}         60 {c |}{res}        209        0.92       61.38
{txt}         61 {c |}{res}          3        0.01       61.39
{txt}         62 {c |}{res}          9        0.04       61.43
{txt}         63 {c |}{res}          3        0.01       61.45
{txt}         64 {c |}{res}         10        0.04       61.49
{txt}         65 {c |}{res}         40        0.18       61.67
{txt}         66 {c |}{res}          9        0.04       61.71
{txt}         67 {c |}{res}          3        0.01       61.72
{txt}         68 {c |}{res}          8        0.04       61.75
{txt}         69 {c |}{res}          4        0.02       61.77
{txt}      69.95 {c |}{res}          1        0.00       61.78
{txt}         70 {c |}{res}        101        0.44       62.22
{txt}         72 {c |}{res}         14        0.06       62.28
{txt}      72.75 {c |}{res}          1        0.00       62.29
{txt}         73 {c |}{res}          1        0.00       62.29
{txt}         74 {c |}{res}          4        0.02       62.31
{txt}         75 {c |}{res}         96        0.42       62.73
{txt}         76 {c |}{res}          3        0.01       62.74
{txt}         77 {c |}{res}          5        0.02       62.76
{txt}         78 {c |}{res}          9        0.04       62.80
{txt}       78.5 {c |}{res}          1        0.00       62.81
{txt}         79 {c |}{res}          4        0.02       62.83
{txt}         80 {c |}{res}        170        0.75       63.57
{txt}         81 {c |}{res}          2        0.01       63.58
{txt}         82 {c |}{res}          3        0.01       63.59
{txt}       82.5 {c |}{res}          1        0.00       63.60
{txt}         83 {c |}{res}          5        0.02       63.62
{txt}         84 {c |}{res}         11        0.05       63.67
{txt}      84.85 {c |}{res}          1        0.00       63.67
{txt}         85 {c |}{res}         43        0.19       63.86
{txt}         86 {c |}{res}          8        0.04       63.90
{txt}         87 {c |}{res}          3        0.01       63.91
{txt}      87.56 {c |}{res}          1        0.00       63.92
{txt}         88 {c |}{res}         10        0.04       63.96
{txt}       88.5 {c |}{res}          1        0.00       63.96
{txt}      88.75 {c |}{res}          1        0.00       63.97
{txt}         89 {c |}{res}          4        0.02       63.99
{txt}         90 {c |}{res}        102        0.45       64.43
{txt}         91 {c |}{res}          3        0.01       64.45
{txt}         92 {c |}{res}          4        0.02       64.46
{txt}         93 {c |}{res}          1        0.00       64.47
{txt}      93.35 {c |}{res}          1        0.00       64.47
{txt}         94 {c |}{res}          3        0.01       64.49
{txt}         95 {c |}{res}         34        0.15       64.64
{txt}         96 {c |}{res}         10        0.04       64.68
{txt}         97 {c |}{res}          5        0.02       64.70
{txt}         98 {c |}{res}          9        0.04       64.74
{txt}         99 {c |}{res}          2        0.01       64.75
{txt}        100 {c |}{res}        413        1.81       66.56
{txt}        101 {c |}{res}          4        0.02       66.58
{txt}        102 {c |}{res}          5        0.02       66.60
{txt}        103 {c |}{res}          2        0.01       66.61
{txt}        104 {c |}{res}          7        0.03       66.64
{txt}        105 {c |}{res}         31        0.14       66.78
{txt}        106 {c |}{res}          5        0.02       66.80
{txt}        107 {c |}{res}          5        0.02       66.82
{txt}        108 {c |}{res}         19        0.08       66.91
{txt}        109 {c |}{res}          3        0.01       66.92
{txt}        110 {c |}{res}         67        0.29       67.21
{txt}        111 {c |}{res}          3        0.01       67.23
{txt}        112 {c |}{res}          7        0.03       67.26
{txt}        113 {c |}{res}          5        0.02       67.28
{txt}        114 {c |}{res}          6        0.03       67.31
{txt}        115 {c |}{res}         20        0.09       67.39
{txt}        116 {c |}{res}          7        0.03       67.43
{txt}        117 {c |}{res}          2        0.01       67.43
{txt}     118.31 {c |}{res}          1        0.00       67.44
{txt}        119 {c |}{res}          2        0.01       67.45
{txt}        120 {c |}{res}        166        0.73       68.18
{txt}        121 {c |}{res}          2        0.01       68.19
{txt}     121.79 {c |}{res}          1        0.00       68.19
{txt}        122 {c |}{res}          4        0.02       68.21
{txt}        123 {c |}{res}          1        0.00       68.21
{txt}        124 {c |}{res}          4        0.02       68.23
{txt}        125 {c |}{res}         55        0.24       68.47
{txt}     125.65 {c |}{res}          1        0.00       68.47
{txt}        126 {c |}{res}          4        0.02       68.49
{txt}        128 {c |}{res}          6        0.03       68.52
{txt}        129 {c |}{res}          3        0.01       68.53
{txt}     129.64 {c |}{res}          1        0.00       68.54
{txt}        130 {c |}{res}         68        0.30       68.84
{txt}        131 {c |}{res}          4        0.02       68.85
{txt}        132 {c |}{res}          4        0.02       68.87
{txt}        133 {c |}{res}          1        0.00       68.87
{txt}      133.5 {c |}{res}          1        0.00       68.88
{txt}        134 {c |}{res}          2        0.01       68.89
{txt}        135 {c |}{res}         36        0.16       69.05
{txt}      135.5 {c |}{res}          1        0.00       69.05
{txt}        136 {c |}{res}          5        0.02       69.07
{txt}      136.6 {c |}{res}          1        0.00       69.08
{txt}        137 {c |}{res}          3        0.01       69.09
{txt}        138 {c |}{res}          3        0.01       69.10
{txt}        139 {c |}{res}          3        0.01       69.12
{txt}        140 {c |}{res}         76        0.33       69.45
{txt}        141 {c |}{res}          4        0.02       69.47
{txt}        142 {c |}{res}          2        0.01       69.48
{txt}        143 {c |}{res}          1        0.00       69.48
{txt}        144 {c |}{res}          3        0.01       69.49
{txt}        145 {c |}{res}         14        0.06       69.56
{txt}        146 {c |}{res}          6        0.03       69.58
{txt}        147 {c |}{res}          1        0.00       69.59
{txt}        148 {c |}{res}          4        0.02       69.60
{txt}        149 {c |}{res}          1        0.00       69.61
{txt}        150 {c |}{res}        241        1.06       70.67
{txt}        151 {c |}{res}          2        0.01       70.68
{txt}        152 {c |}{res}          3        0.01       70.69
{txt}        153 {c |}{res}          2        0.01       70.70
{txt}      153.6 {c |}{res}          1        0.00       70.70
{txt}        154 {c |}{res}          4        0.02       70.72
{txt}        155 {c |}{res}          8        0.04       70.75
{txt}        156 {c |}{res}          5        0.02       70.78
{txt}        157 {c |}{res}          2        0.01       70.79
{txt}        158 {c |}{res}          2        0.01       70.79
{txt}        159 {c |}{res}          3        0.01       70.81
{txt}      159.5 {c |}{res}          1        0.00       70.81
{txt}     159.55 {c |}{res}          1        0.00       70.82
{txt}        160 {c |}{res}         84        0.37       71.19
{txt}     160.45 {c |}{res}          1        0.00       71.19
{txt}        161 {c |}{res}          4        0.02       71.21
{txt}        162 {c |}{res}          5        0.02       71.23
{txt}     163.11 {c |}{res}          1        0.00       71.23
{txt}        164 {c |}{res}          2        0.01       71.24
{txt}        165 {c |}{res}         20        0.09       71.33
{txt}        166 {c |}{res}          4        0.02       71.35
{txt}        167 {c |}{res}          3        0.01       71.36
{txt}        168 {c |}{res}          7        0.03       71.39
{txt}     168.31 {c |}{res}          1        0.00       71.40
{txt}      168.5 {c |}{res}          1        0.00       71.40
{txt}        169 {c |}{res}          1        0.00       71.40
{txt}        170 {c |}{res}         55        0.24       71.65
{txt}        171 {c |}{res}          1        0.00       71.65
{txt}        172 {c |}{res}          3        0.01       71.66
{txt}        173 {c |}{res}          2        0.01       71.67
{txt}        174 {c |}{res}          3        0.01       71.69
{txt}        175 {c |}{res}         34        0.15       71.84
{txt}     175.92 {c |}{res}          1        0.00       71.84
{txt}        176 {c |}{res}          3        0.01       71.85
{txt}        178 {c |}{res}          4        0.02       71.87
{txt}        179 {c |}{res}          1        0.00       71.87
{txt}        180 {c |}{res}         90        0.40       72.27
{txt}        181 {c |}{res}          1        0.00       72.27
{txt}        182 {c |}{res}          3        0.01       72.29
{txt}        183 {c |}{res}          4        0.02       72.31
{txt}        184 {c |}{res}          4        0.02       72.32
{txt}        185 {c |}{res}         18        0.08       72.40
{txt}        186 {c |}{res}          4        0.02       72.42
{txt}      186.3 {c |}{res}          1        0.00       72.42
{txt}     186.99 {c |}{res}          1        0.00       72.43
{txt}        187 {c |}{res}          1        0.00       72.43
{txt}     187.87 {c |}{res}          1        0.00       72.44
{txt}        188 {c |}{res}          3        0.01       72.45
{txt}        189 {c |}{res}          3        0.01       72.46
{txt}        190 {c |}{res}         37        0.16       72.63
{txt}        192 {c |}{res}          4        0.02       72.64
{txt}        193 {c |}{res}          2        0.01       72.65
{txt}      193.5 {c |}{res}          1        0.00       72.66
{txt}        194 {c |}{res}          4        0.02       72.67
{txt}        195 {c |}{res}         20        0.09       72.76
{txt}        196 {c |}{res}          1        0.00       72.77
{txt}        197 {c |}{res}          2        0.01       72.78
{txt}     197.32 {c |}{res}          1        0.00       72.78
{txt}        198 {c |}{res}          7        0.03       72.81
{txt}        199 {c |}{res}          1        0.00       72.81
{txt}        200 {c |}{res}        351        1.54       74.36
{txt}     200.46 {c |}{res}          1        0.00       74.36
{txt}        202 {c |}{res}          1        0.00       74.37
{txt}        203 {c |}{res}          1        0.00       74.37
{txt}        204 {c |}{res}          8        0.04       74.40
{txt}     204.95 {c |}{res}          1        0.00       74.41
{txt}        205 {c |}{res}         20        0.09       74.50
{txt}        206 {c |}{res}          2        0.01       74.51
{txt}        207 {c |}{res}          3        0.01       74.52
{txt}        208 {c |}{res}          4        0.02       74.54
{txt}     209.29 {c |}{res}          1        0.00       74.54
{txt}        210 {c |}{res}         55        0.24       74.78
{txt}        211 {c |}{res}          1        0.00       74.79
{txt}        212 {c |}{res}          3        0.01       74.80
{txt}        213 {c |}{res}          2        0.01       74.81
{txt}        214 {c |}{res}          7        0.03       74.84
{txt}        215 {c |}{res}         14        0.06       74.90
{txt}        216 {c |}{res}          9        0.04       74.94
{txt}      216.2 {c |}{res}          1        0.00       74.95
{txt}        217 {c |}{res}          2        0.01       74.95
{txt}        218 {c |}{res}          3        0.01       74.97
{txt}        220 {c |}{res}         78        0.34       75.31
{txt}        221 {c |}{res}          1        0.00       75.31
{txt}        222 {c |}{res}          2        0.01       75.32
{txt}        223 {c |}{res}          1        0.00       75.33
{txt}        224 {c |}{res}          4        0.02       75.34
{txt}        225 {c |}{res}         32        0.14       75.49
{txt}        227 {c |}{res}          1        0.00       75.49
{txt}        228 {c |}{res}          4        0.02       75.51
{txt}        229 {c |}{res}          2        0.01       75.52
{txt}        230 {c |}{res}         47        0.21       75.72
{txt}        231 {c |}{res}          3        0.01       75.74
{txt}        232 {c |}{res}          5        0.02       75.76
{txt}        233 {c |}{res}          1        0.00       75.76
{txt}        234 {c |}{res}          1        0.00       75.77
{txt}        235 {c |}{res}         17        0.07       75.84
{txt}        236 {c |}{res}          2        0.01       75.85
{txt}        237 {c |}{res}          1        0.00       75.85
{txt}        238 {c |}{res}          3        0.01       75.87
{txt}        239 {c |}{res}          1        0.00       75.87
{txt}        240 {c |}{res}         62        0.27       76.14
{txt}        242 {c |}{res}          2        0.01       76.15
{txt}        243 {c |}{res}          2        0.01       76.16
{txt}      243.1 {c |}{res}          1        0.00       76.17
{txt}        244 {c |}{res}          1        0.00       76.17
{txt}        245 {c |}{res}         12        0.05       76.22
{txt}        246 {c |}{res}          6        0.03       76.25
{txt}        247 {c |}{res}          1        0.00       76.25
{txt}        248 {c |}{res}          3        0.01       76.27
{txt}        249 {c |}{res}          2        0.01       76.28
{txt}      249.3 {c |}{res}          1        0.00       76.28
{txt}        250 {c |}{res}        198        0.87       77.15
{txt}        251 {c |}{res}          1        0.00       77.15
{txt}        252 {c |}{res}          1        0.00       77.16
{txt}      252.6 {c |}{res}          1        0.00       77.16
{txt}        253 {c |}{res}          4        0.02       77.18
{txt}        254 {c |}{res}          3        0.01       77.19
{txt}        255 {c |}{res}         10        0.04       77.24
{txt}        256 {c |}{res}          2        0.01       77.25
{txt}     256.99 {c |}{res}          1        0.00       77.25
{txt}        257 {c |}{res}          1        0.00       77.26
{txt}        258 {c |}{res}          1        0.00       77.26
{txt}        259 {c |}{res}          1        0.00       77.26
{txt}        260 {c |}{res}         62        0.27       77.54
{txt}     260.32 {c |}{res}          1        0.00       77.54
{txt}        261 {c |}{res}          1        0.00       77.55
{txt}        262 {c |}{res}          1        0.00       77.55
{txt}        263 {c |}{res}          1        0.00       77.55
{txt}        264 {c |}{res}          2        0.01       77.56
{txt}        265 {c |}{res}         10        0.04       77.61
{txt}        266 {c |}{res}          1        0.00       77.61
{txt}        268 {c |}{res}          3        0.01       77.62
{txt}     269.88 {c |}{res}          1        0.00       77.63
{txt}        270 {c |}{res}         51        0.22       77.85
{txt}        271 {c |}{res}          2        0.01       77.86
{txt}        272 {c |}{res}          2        0.01       77.87
{txt}        273 {c |}{res}          3        0.01       77.88
{txt}        274 {c |}{res}          1        0.00       77.89
{txt}        275 {c |}{res}         33        0.14       78.03
{txt}        276 {c |}{res}          4        0.02       78.05
{txt}     277.14 {c |}{res}          1        0.00       78.05
{txt}     277.82 {c |}{res}          1        0.00       78.06
{txt}        278 {c |}{res}          3        0.01       78.07
{txt}        279 {c |}{res}          2        0.01       78.08
{txt}        280 {c |}{res}         60        0.26       78.34
{txt}        281 {c |}{res}          1        0.00       78.35
{txt}        282 {c |}{res}          2        0.01       78.36
{txt}        283 {c |}{res}          1        0.00       78.36
{txt}        285 {c |}{res}         17        0.07       78.44
{txt}      286.8 {c |}{res}          1        0.00       78.44
{txt}        288 {c |}{res}          6        0.03       78.47
{txt}        289 {c |}{res}          1        0.00       78.47
{txt}        290 {c |}{res}         19        0.08       78.56
{txt}        291 {c |}{res}          1        0.00       78.56
{txt}      291.1 {c |}{res}          1        0.00       78.56
{txt}        292 {c |}{res}          1        0.00       78.57
{txt}        293 {c |}{res}          1        0.00       78.57
{txt}        294 {c |}{res}          1        0.00       78.58
{txt}        295 {c |}{res}          7        0.03       78.61
{txt}        296 {c |}{res}          1        0.00       78.61
{txt}        297 {c |}{res}          1        0.00       78.62
{txt}        298 {c |}{res}          4        0.02       78.63
{txt}        299 {c |}{res}          1        0.00       78.64
{txt}        300 {c |}{res}        328        1.44       80.08
{txt}        302 {c |}{res}          2        0.01       80.09
{txt}        304 {c |}{res}          1        0.00       80.09
{txt}        305 {c |}{res}         12        0.05       80.15
{txt}      305.5 {c |}{res}          1        0.00       80.15
{txt}        306 {c |}{res}          1        0.00       80.15
{txt}        307 {c |}{res}          1        0.00       80.16
{txt}        308 {c |}{res}          3        0.01       80.17
{txt}        309 {c |}{res}          2        0.01       80.18
{txt}        310 {c |}{res}         16        0.07       80.25
{txt}        311 {c |}{res}          1        0.00       80.26
{txt}     311.48 {c |}{res}          1        0.00       80.26
{txt}        312 {c |}{res}          3        0.01       80.27
{txt}        313 {c |}{res}          3        0.01       80.29
{txt}        314 {c |}{res}          2        0.01       80.30
{txt}        315 {c |}{res}         11        0.05       80.34
{txt}        316 {c |}{res}          2        0.01       80.35
{txt}        317 {c |}{res}          3        0.01       80.37
{txt}        318 {c |}{res}          1        0.00       80.37
{txt}        320 {c |}{res}         40        0.18       80.55
{txt}        323 {c |}{res}          2        0.01       80.55
{txt}        324 {c |}{res}          3        0.01       80.57
{txt}        325 {c |}{res}         18        0.08       80.65
{txt}        326 {c |}{res}          2        0.01       80.66
{txt}        327 {c |}{res}          3        0.01       80.67
{txt}        329 {c |}{res}          1        0.00       80.67
{txt}        330 {c |}{res}         34        0.15       80.82
{txt}        331 {c |}{res}          2        0.01       80.83
{txt}        332 {c |}{res}          3        0.01       80.84
{txt}        333 {c |}{res}          1        0.00       80.85
{txt}        335 {c |}{res}         10        0.04       80.89
{txt}        336 {c |}{res}          2        0.01       80.90
{txt}     336.35 {c |}{res}          1        0.00       80.91
{txt}     337.39 {c |}{res}          1        0.00       80.91
{txt}        338 {c |}{res}          1        0.00       80.91
{txt}        339 {c |}{res}          1        0.00       80.92
{txt}        340 {c |}{res}         41        0.18       81.10
{txt}        342 {c |}{res}          4        0.02       81.12
{txt}     342.71 {c |}{res}          1        0.00       81.12
{txt}        343 {c |}{res}          2        0.01       81.13
{txt}        344 {c |}{res}          1        0.00       81.13
{txt}        345 {c |}{res}         10        0.04       81.18
{txt}        346 {c |}{res}          1        0.00       81.18
{txt}        347 {c |}{res}          4        0.02       81.20
{txt}        348 {c |}{res}          2        0.01       81.21
{txt}     349.16 {c |}{res}          1        0.00       81.21
{txt}        350 {c |}{res}        131        0.58       81.79
{txt}        354 {c |}{res}          2        0.01       81.80
{txt}        355 {c |}{res}          5        0.02       81.82
{txt}      355.5 {c |}{res}          1        0.00       81.82
{txt}        356 {c |}{res}          1        0.00       81.83
{txt}        357 {c |}{res}          2        0.01       81.84
{txt}        358 {c |}{res}          1        0.00       81.84
{txt}        359 {c |}{res}          1        0.00       81.85
{txt}        360 {c |}{res}         57        0.25       82.10
{txt}        361 {c |}{res}          1        0.00       82.10
{txt}        362 {c |}{res}          2        0.01       82.11
{txt}        364 {c |}{res}          1        0.00       82.11
{txt}        365 {c |}{res}          6        0.03       82.14
{txt}        366 {c |}{res}          1        0.00       82.14
{txt}        368 {c |}{res}          2        0.01       82.15
{txt}        370 {c |}{res}         19        0.08       82.24
{txt}        372 {c |}{res}          2        0.01       82.25
{txt}        373 {c |}{res}          1        0.00       82.25
{txt}        375 {c |}{res}         19        0.08       82.33
{txt}        377 {c |}{res}          1        0.00       82.34
{txt}        378 {c |}{res}          1        0.00       82.34
{txt}     378.84 {c |}{res}          1        0.00       82.35
{txt}        380 {c |}{res}         33        0.14       82.49
{txt}        381 {c |}{res}          1        0.00       82.50
{txt}        383 {c |}{res}          1        0.00       82.50
{txt}        384 {c |}{res}          1        0.00       82.50
{txt}        385 {c |}{res}          9        0.04       82.54
{txt}        387 {c |}{res}          1        0.00       82.55
{txt}        388 {c |}{res}          2        0.01       82.56
{txt}        389 {c |}{res}          1        0.00       82.56
{txt}        390 {c |}{res}         24        0.11       82.67
{txt}        393 {c |}{res}          1        0.00       82.67
{txt}        394 {c |}{res}          1        0.00       82.68
{txt}        395 {c |}{res}         11        0.05       82.72
{txt}        396 {c |}{res}          1        0.00       82.73
{txt}        397 {c |}{res}          1        0.00       82.73
{txt}        398 {c |}{res}          3        0.01       82.75
{txt}        399 {c |}{res}          1        0.00       82.75
{txt}        400 {c |}{res}        193        0.85       83.60
{txt}        402 {c |}{res}          1        0.00       83.60
{txt}        404 {c |}{res}          2        0.01       83.61
{txt}        405 {c |}{res}          4        0.02       83.63
{txt}        406 {c |}{res}          4        0.02       83.65
{txt}        408 {c |}{res}          3        0.01       83.66
{txt}        409 {c |}{res}          2        0.01       83.67
{txt}        410 {c |}{res}         21        0.09       83.76
{txt}        413 {c |}{res}          2        0.01       83.77
{txt}        414 {c |}{res}          2        0.01       83.78
{txt}        415 {c |}{res}          7        0.03       83.81
{txt}        416 {c |}{res}          3        0.01       83.82
{txt}        417 {c |}{res}          1        0.00       83.83
{txt}        418 {c |}{res}          1        0.00       83.83
{txt}        419 {c |}{res}          2        0.01       83.84
{txt}        420 {c |}{res}         31        0.14       83.98
{txt}        424 {c |}{res}          1        0.00       83.98
{txt}        425 {c |}{res}         18        0.08       84.06
{txt}        426 {c |}{res}          1        0.00       84.06
{txt}        427 {c |}{res}          1        0.00       84.07
{txt}        428 {c |}{res}          1        0.00       84.07
{txt}        430 {c |}{res}         22        0.10       84.17
{txt}        431 {c |}{res}          1        0.00       84.17
{txt}        432 {c |}{res}          2        0.01       84.18
{txt}        433 {c |}{res}          1        0.00       84.19
{txt}        434 {c |}{res}          1        0.00       84.19
{txt}        435 {c |}{res}          4        0.02       84.21
{txt}        438 {c |}{res}          2        0.01       84.22
{txt}        439 {c |}{res}          1        0.00       84.22
{txt}        440 {c |}{res}         21        0.09       84.31
{txt}     440.68 {c |}{res}          1        0.00       84.32
{txt}        445 {c |}{res}          4        0.02       84.34
{txt}        448 {c |}{res}          2        0.01       84.35
{txt}        450 {c |}{res}        107        0.47       84.82
{txt}        453 {c |}{res}          2        0.01       84.82
{txt}        454 {c |}{res}          1        0.00       84.83
{txt}        455 {c |}{res}          2        0.01       84.84
{txt}        458 {c |}{res}          1        0.00       84.84
{txt}        459 {c |}{res}          1        0.00       84.85
{txt}        460 {c |}{res}         26        0.11       84.96
{txt}        462 {c |}{res}          2        0.01       84.97
{txt}      462.5 {c |}{res}          1        0.00       84.97
{txt}        465 {c |}{res}          5        0.02       85.00
{txt}        466 {c |}{res}          1        0.00       85.00
{txt}        467 {c |}{res}          1        0.00       85.00
{txt}        468 {c |}{res}          1        0.00       85.01
{txt}        469 {c |}{res}          1        0.00       85.01
{txt}        470 {c |}{res}         17        0.07       85.09
{txt}        472 {c |}{res}          3        0.01       85.10
{txt}     472.85 {c |}{res}          1        0.00       85.10
{txt}        473 {c |}{res}          1        0.00       85.11
{txt}        474 {c |}{res}          3        0.01       85.12
{txt}        475 {c |}{res}         10        0.04       85.17
{txt}        477 {c |}{res}          2        0.01       85.18
{txt}        478 {c |}{res}          3        0.01       85.19
{txt}        480 {c |}{res}         27        0.12       85.31
{txt}        483 {c |}{res}          1        0.00       85.31
{txt}        485 {c |}{res}          4        0.02       85.33
{txt}        486 {c |}{res}          2        0.01       85.34
{txt}        487 {c |}{res}          1        0.00       85.34
{txt}        488 {c |}{res}          2        0.01       85.35
{txt}     489.44 {c |}{res}          1        0.00       85.36
{txt}        490 {c |}{res}         13        0.06       85.41
{txt}     490.85 {c |}{res}          1        0.00       85.42
{txt}        491 {c |}{res}          1        0.00       85.42
{txt}        495 {c |}{res}          6        0.03       85.45
{txt}        497 {c |}{res}          2        0.01       85.46
{txt}        500 {c |}{res}        215        0.94       86.40
{txt}      500.6 {c |}{res}          1        0.00       86.41
{txt}        502 {c |}{res}          1        0.00       86.41
{txt}    503.366 {c |}{res}          1        0.00       86.41
{txt}        505 {c |}{res}          8        0.04       86.45
{txt}        507 {c |}{res}          1        0.00       86.45
{txt}     507.28 {c |}{res}          1        0.00       86.46
{txt}        510 {c |}{res}          9        0.04       86.50
{txt}        512 {c |}{res}          2        0.01       86.51
{txt}     513.52 {c |}{res}          1        0.00       86.51
{txt}        515 {c |}{res}          4        0.02       86.53
{txt}        516 {c |}{res}          1        0.00       86.53
{txt}     517.94 {c |}{res}          1        0.00       86.54
{txt}        519 {c |}{res}          1        0.00       86.54
{txt}        520 {c |}{res}         19        0.08       86.62
{txt}        524 {c |}{res}          2        0.01       86.63
{txt}        525 {c |}{res}          8        0.04       86.67
{txt}        528 {c |}{res}          1        0.00       86.67
{txt}     528.66 {c |}{res}          1        0.00       86.68
{txt}        529 {c |}{res}          1        0.00       86.68
{txt}        530 {c |}{res}         11        0.05       86.73
{txt}        531 {c |}{res}          1        0.00       86.73
{txt}     532.65 {c |}{res}          1        0.00       86.74
{txt}        534 {c |}{res}          2        0.01       86.75
{txt}        535 {c |}{res}          7        0.03       86.78
{txt}        540 {c |}{res}         19        0.08       86.86
{txt}        542 {c |}{res}          1        0.00       86.87
{txt}        545 {c |}{res}          1        0.00       86.87
{txt}        546 {c |}{res}          1        0.00       86.88
{txt}        548 {c |}{res}          4        0.02       86.89
{txt}     548.84 {c |}{res}          1        0.00       86.90
{txt}        550 {c |}{res}         76        0.33       87.23
{txt}        552 {c |}{res}          3        0.01       87.24
{txt}        553 {c |}{res}          1        0.00       87.25
{txt}        554 {c |}{res}          1        0.00       87.25
{txt}        558 {c |}{res}          1        0.00       87.26
{txt}     559.68 {c |}{res}          1        0.00       87.26
{txt}        560 {c |}{res}         18        0.08       87.34
{txt}        562 {c |}{res}          1        0.00       87.35
{txt}        564 {c |}{res}          1        0.00       87.35
{txt}        565 {c |}{res}          2        0.01       87.36
{txt}        568 {c |}{res}          1        0.00       87.36
{txt}      569.5 {c |}{res}          1        0.00       87.37
{txt}        570 {c |}{res}         20        0.09       87.45
{txt}     574.69 {c |}{res}          1        0.00       87.46
{txt}        575 {c |}{res}          8        0.04       87.49
{txt}        579 {c |}{res}          1        0.00       87.50
{txt}        580 {c |}{res}         19        0.08       87.58
{txt}        582 {c |}{res}          2        0.01       87.59
{txt}        583 {c |}{res}          1        0.00       87.60
{txt}        585 {c |}{res}          2        0.01       87.60
{txt}      587.7 {c |}{res}          1        0.00       87.61
{txt}        588 {c |}{res}          2        0.01       87.62
{txt}        590 {c |}{res}          5        0.02       87.64
{txt}        595 {c |}{res}          4        0.02       87.66
{txt}        596 {c |}{res}          1        0.00       87.66
{txt}        598 {c |}{res}          1        0.00       87.67
{txt}     598.68 {c |}{res}          1        0.00       87.67
{txt}        600 {c |}{res}        156        0.69       88.36
{txt}        605 {c |}{res}          2        0.01       88.36
{txt}        608 {c |}{res}          2        0.01       88.37
{txt}        609 {c |}{res}          1        0.00       88.38
{txt}     609.42 {c |}{res}          1        0.00       88.38
{txt}        610 {c |}{res}          7        0.03       88.41
{txt}        612 {c |}{res}          1        0.00       88.42
{txt}        614 {c |}{res}          1        0.00       88.42
{txt}        615 {c |}{res}          4        0.02       88.44
{txt}        616 {c |}{res}          1        0.00       88.44
{txt}        617 {c |}{res}          1        0.00       88.45
{txt}     617.48 {c |}{res}          1        0.00       88.45
{txt}        618 {c |}{res}          3        0.01       88.47
{txt}        620 {c |}{res}         22        0.10       88.56
{txt}        624 {c |}{res}          3        0.01       88.58
{txt}        625 {c |}{res}          5        0.02       88.60
{txt}        630 {c |}{res}         12        0.05       88.65
{txt}        633 {c |}{res}          1        0.00       88.65
{txt}        634 {c |}{res}          1        0.00       88.66
{txt}        635 {c |}{res}          2        0.01       88.67
{txt}        637 {c |}{res}          1        0.00       88.67
{txt}        640 {c |}{res}         13        0.06       88.73
{txt}        645 {c |}{res}          3        0.01       88.74
{txt}        647 {c |}{res}          1        0.00       88.75
{txt}        648 {c |}{res}          2        0.01       88.76
{txt}        650 {c |}{res}         57        0.25       89.01
{txt}        652 {c |}{res}          1        0.00       89.01
{txt}        655 {c |}{res}          2        0.01       89.02
{txt}        656 {c |}{res}          2        0.01       89.03
{txt}        660 {c |}{res}         22        0.10       89.12
{txt}        662 {c |}{res}          2        0.01       89.13
{txt}        665 {c |}{res}          1        0.00       89.14
{txt}        666 {c |}{res}          1        0.00       89.14
{txt}        667 {c |}{res}          1        0.00       89.15
{txt}        670 {c |}{res}         10        0.04       89.19
{txt}        675 {c |}{res}         10        0.04       89.23
{txt}      677.7 {c |}{res}          1        0.00       89.24
{txt}        678 {c |}{res}          1        0.00       89.24
{txt}        680 {c |}{res}         13        0.06       89.30
{txt}        681 {c |}{res}          1        0.00       89.30
{txt}        684 {c |}{res}          2        0.01       89.31
{txt}        685 {c |}{res}          4        0.02       89.33
{txt}        689 {c |}{res}          1        0.00       89.33
{txt}        690 {c |}{res}          9        0.04       89.37
{txt}        693 {c |}{res}          1        0.00       89.38
{txt}        694 {c |}{res}          1        0.00       89.38
{txt}        695 {c |}{res}          1        0.00       89.39
{txt}        700 {c |}{res}        110        0.48       89.87
{txt}        704 {c |}{res}          1        0.00       89.88
{txt}        705 {c |}{res}          3        0.01       89.89
{txt}     705.75 {c |}{res}          1        0.00       89.89
{txt}        708 {c |}{res}          1        0.00       89.90
{txt}        710 {c |}{res}          5        0.02       89.92
{txt}        711 {c |}{res}          3        0.01       89.93
{txt}        714 {c |}{res}          1        0.00       89.94
{txt}        715 {c |}{res}          5        0.02       89.96
{txt}        716 {c |}{res}          1        0.00       89.96
{txt}        720 {c |}{res}         20        0.09       90.05
{txt}     722.43 {c |}{res}          1        0.00       90.06
{txt}        723 {c |}{res}          1        0.00       90.06
{txt}     723.22 {c |}{res}          1        0.00       90.06
{txt}        725 {c |}{res}          8        0.04       90.10
{txt}      727.2 {c |}{res}          1        0.00       90.10
{txt}        728 {c |}{res}          1        0.00       90.11
{txt}        729 {c |}{res}          1        0.00       90.11
{txt}        730 {c |}{res}          9        0.04       90.15
{txt}        731 {c |}{res}          1        0.00       90.16
{txt}        735 {c |}{res}          3        0.01       90.17
{txt}        738 {c |}{res}          1        0.00       90.17
{txt}        740 {c |}{res}          7        0.03       90.20
{txt}        742 {c |}{res}          1        0.00       90.21
{txt}        744 {c |}{res}          2        0.01       90.22
{txt}        745 {c |}{res}          1        0.00       90.22
{txt}        746 {c |}{res}          1        0.00       90.23
{txt}        748 {c |}{res}          1        0.00       90.23
{txt}        750 {c |}{res}         51        0.22       90.46
{txt}        752 {c |}{res}          1        0.00       90.46
{txt}        755 {c |}{res}          1        0.00       90.46
{txt}        756 {c |}{res}          1        0.00       90.47
{txt}        759 {c |}{res}          2        0.01       90.48
{txt}        760 {c |}{res}          9        0.04       90.52
{txt}        761 {c |}{res}          1        0.00       90.52
{txt}        762 {c |}{res}          1        0.00       90.53
{txt}        764 {c |}{res}          1        0.00       90.53
{txt}        765 {c |}{res}          3        0.01       90.54
{txt}        770 {c |}{res}          3        0.01       90.56
{txt}        774 {c |}{res}          2        0.01       90.56
{txt}        775 {c |}{res}          8        0.04       90.60
{txt}        776 {c |}{res}          1        0.00       90.60
{txt}        777 {c |}{res}          1        0.00       90.61
{txt}        778 {c |}{res}          1        0.00       90.61
{txt}        780 {c |}{res}         13        0.06       90.67
{txt}        785 {c |}{res}          3        0.01       90.68
{txt}        789 {c |}{res}          1        0.00       90.69
{txt}        790 {c |}{res}          6        0.03       90.71
{txt}        792 {c |}{res}          2        0.01       90.72
{txt}        795 {c |}{res}          1        0.00       90.73
{txt}        796 {c |}{res}          2        0.01       90.74
{txt}        797 {c |}{res}          1        0.00       90.74
{txt}        798 {c |}{res}          1        0.00       90.74
{txt}        800 {c |}{res}        113        0.50       91.24
{txt}        803 {c |}{res}          1        0.00       91.25
{txt}        804 {c |}{res}          1        0.00       91.25
{txt}        805 {c |}{res}          2        0.01       91.26
{txt}        806 {c |}{res}          1        0.00       91.26
{txt}        808 {c |}{res}          1        0.00       91.27
{txt}        810 {c |}{res}          4        0.02       91.29
{txt}        812 {c |}{res}          2        0.01       91.29
{txt}        815 {c |}{res}          1        0.00       91.30
{txt}        820 {c |}{res}          7        0.03       91.33
{txt}        822 {c |}{res}          1        0.00       91.33
{txt}        825 {c |}{res}          5        0.02       91.36
{txt}        828 {c |}{res}          1        0.00       91.36
{txt}        830 {c |}{res}          7        0.03       91.39
{txt}        835 {c |}{res}          1        0.00       91.40
{txt}     837.94 {c |}{res}          1        0.00       91.40
{txt}        840 {c |}{res}         10        0.04       91.44
{txt}        848 {c |}{res}          1        0.00       91.45
{txt}        850 {c |}{res}         37        0.16       91.61
{txt}        860 {c |}{res}          7        0.03       91.64
{txt}        862 {c |}{res}          1        0.00       91.65
{txt}        865 {c |}{res}          2        0.01       91.65
{txt}        866 {c |}{res}          1        0.00       91.66
{txt}        867 {c |}{res}          1        0.00       91.66
{txt}        868 {c |}{res}          1        0.00       91.67
{txt}        870 {c |}{res}          1        0.00       91.67
{txt}        875 {c |}{res}          8        0.04       91.71
{txt}        880 {c |}{res}          6        0.03       91.73
{txt}        883 {c |}{res}          1        0.00       91.74
{txt}        885 {c |}{res}          2        0.01       91.75
{txt}      885.5 {c |}{res}          1        0.00       91.75
{txt}        887 {c |}{res}          2        0.01       91.76
{txt}        889 {c |}{res}          1        0.00       91.76
{txt}        890 {c |}{res}          4        0.02       91.78
{txt}        894 {c |}{res}          2        0.01       91.79
{txt}        895 {c |}{res}          1        0.00       91.79
{txt}        898 {c |}{res}          1        0.00       91.80
{txt}        900 {c |}{res}         80        0.35       92.15
{txt}        901 {c |}{res}          1        0.00       92.15
{txt}        906 {c |}{res}          1        0.00       92.16
{txt}        910 {c |}{res}          8        0.04       92.19
{txt}        915 {c |}{res}          1        0.00       92.20
{txt}        919 {c |}{res}          1        0.00       92.20
{txt}        920 {c |}{res}          2        0.01       92.21
{txt}        921 {c |}{res}          2        0.01       92.22
{txt}        925 {c |}{res}          2        0.01       92.23
{txt}        926 {c |}{res}          1        0.00       92.23
{txt}        930 {c |}{res}          6        0.03       92.26
{txt}        932 {c |}{res}          3        0.01       92.27
{txt}        935 {c |}{res}          3        0.01       92.29
{txt}        936 {c |}{res}          1        0.00       92.29
{txt}        940 {c |}{res}          2        0.01       92.30
{txt}        941 {c |}{res}          1        0.00       92.30
{txt}        950 {c |}{res}         33        0.14       92.45
{txt}        955 {c |}{res}          1        0.00       92.45
{txt}        960 {c |}{res}          6        0.03       92.48
{txt}        965 {c |}{res}          2        0.01       92.49
{txt}        970 {c |}{res}          3        0.01       92.50
{txt}        975 {c |}{res}          3        0.01       92.52
{txt}        976 {c |}{res}          1        0.00       92.52
{txt}        977 {c |}{res}          1        0.00       92.52
{txt}        978 {c |}{res}          1        0.00       92.53
{txt}        980 {c |}{res}          4        0.02       92.55
{txt}        982 {c |}{res}          1        0.00       92.55
{txt}        985 {c |}{res}          2        0.01       92.56
{txt}        989 {c |}{res}          1        0.00       92.56
{txt}        990 {c |}{res}          3        0.01       92.58
{txt}        995 {c |}{res}          2        0.01       92.59
{txt}       1000 {c |}{res}        107        0.47       93.06
{txt}       1004 {c |}{res}          1        0.00       93.06
{txt}       1005 {c |}{res}          1        0.00       93.06
{txt}       1008 {c |}{res}          1        0.00       93.07
{txt}       1009 {c |}{res}          1        0.00       93.07
{txt}       1010 {c |}{res}          2        0.01       93.08
{txt}       1013 {c |}{res}          1        0.00       93.09
{txt}       1014 {c |}{res}          1        0.00       93.09
{txt}       1015 {c |}{res}          1        0.00       93.09
{txt}       1020 {c |}{res}         10        0.04       93.14
{txt}       1024 {c |}{res}          2        0.01       93.15
{txt}       1025 {c |}{res}          4        0.02       93.17
{txt}       1028 {c |}{res}          1        0.00       93.17
{txt}       1030 {c |}{res}          2        0.01       93.18
{txt}       1038 {c |}{res}          2        0.01       93.19
{txt}       1040 {c |}{res}          1        0.00       93.19
{txt}       1043 {c |}{res}          1        0.00       93.20
{txt}       1045 {c |}{res}          1        0.00       93.20
{txt}       1049 {c |}{res}          1        0.00       93.20
{txt}       1050 {c |}{res}         12        0.05       93.26
{txt}       1056 {c |}{res}          1        0.00       93.26
{txt}       1060 {c |}{res}         10        0.04       93.31
{txt}       1065 {c |}{res}          1        0.00       93.31
{txt}       1070 {c |}{res}          3        0.01       93.32
{txt}       1074 {c |}{res}          1        0.00       93.33
{txt}       1075 {c |}{res}          4        0.02       93.35
{txt}       1076 {c |}{res}          1        0.00       93.35
{txt}       1080 {c |}{res}          3        0.01       93.36
{txt}       1090 {c |}{res}          1        0.00       93.37
{txt}       1091 {c |}{res}          1        0.00       93.37
{txt}       1092 {c |}{res}          1        0.00       93.38
{txt}       1095 {c |}{res}          1        0.00       93.38
{txt}       1097 {c |}{res}          1        0.00       93.38
{txt}       1098 {c |}{res}          1        0.00       93.39
{txt}       1100 {c |}{res}         51        0.22       93.61
{txt}       1102 {c |}{res}          1        0.00       93.62
{txt}       1110 {c |}{res}          3        0.01       93.63
{txt}       1120 {c |}{res}          2        0.01       93.64
{txt}       1122 {c |}{res}          1        0.00       93.64
{txt}       1125 {c |}{res}          4        0.02       93.66
{txt}       1130 {c |}{res}          2        0.01       93.67
{txt}       1135 {c |}{res}          2        0.01       93.68
{txt}       1136 {c |}{res}          1        0.00       93.68
{txt}    1138.63 {c |}{res}          1        0.00       93.69
{txt}       1140 {c |}{res}          5        0.02       93.71
{txt}       1141 {c |}{res}          1        0.00       93.71
{txt}       1150 {c |}{res}         19        0.08       93.80
{txt}       1156 {c |}{res}          1        0.00       93.80
{txt}       1160 {c |}{res}          6        0.03       93.83
{txt}       1167 {c |}{res}          1        0.00       93.83
{txt}       1175 {c |}{res}          3        0.01       93.85
{txt}       1180 {c |}{res}          6        0.03       93.87
{txt}       1182 {c |}{res}          1        0.00       93.88
{txt}    1184.38 {c |}{res}          1        0.00       93.88
{txt}       1188 {c |}{res}          1        0.00       93.89
{txt}       1190 {c |}{res}          2        0.01       93.89
{txt}       1192 {c |}{res}          1        0.00       93.90
{txt}       1200 {c |}{res}         57        0.25       94.15
{txt}       1205 {c |}{res}          1        0.00       94.15
{txt}       1208 {c |}{res}          1        0.00       94.16
{txt}       1210 {c |}{res}          2        0.01       94.17
{txt}       1215 {c |}{res}          1        0.00       94.17
{txt}       1220 {c |}{res}          3        0.01       94.18
{txt}       1228 {c |}{res}          1        0.00       94.19
{txt}       1230 {c |}{res}          6        0.03       94.22
{txt}       1235 {c |}{res}          2        0.01       94.22
{txt}       1238 {c |}{res}          1        0.00       94.23
{txt}       1240 {c |}{res}          3        0.01       94.24
{txt}       1245 {c |}{res}          1        0.00       94.25
{txt}       1248 {c |}{res}          1        0.00       94.25
{txt}       1250 {c |}{res}         16        0.07       94.32
{txt}       1255 {c |}{res}          1        0.00       94.32
{txt}       1260 {c |}{res}          2        0.01       94.33
{txt}       1262 {c |}{res}          1        0.00       94.34
{txt}       1265 {c |}{res}          2        0.01       94.35
{txt}       1270 {c |}{res}          2        0.01       94.36
{txt}       1275 {c |}{res}          2        0.01       94.36
{txt}       1278 {c |}{res}          1        0.00       94.37
{txt}       1280 {c |}{res}          5        0.02       94.39
{txt}       1284 {c |}{res}          3        0.01       94.40
{txt}       1285 {c |}{res}          1        0.00       94.41
{txt}       1290 {c |}{res}          1        0.00       94.41
{txt}       1294 {c |}{res}          1        0.00       94.42
{txt}       1300 {c |}{res}         35        0.15       94.57
{txt}       1304 {c |}{res}          1        0.00       94.58
{txt}   1305.869 {c |}{res}          1        0.00       94.58
{txt}       1310 {c |}{res}          1        0.00       94.58
{txt}       1315 {c |}{res}          1        0.00       94.59
{txt}       1320 {c |}{res}          3        0.01       94.60
{txt}    1322.17 {c |}{res}          1        0.00       94.61
{txt}       1330 {c |}{res}          1        0.00       94.61
{txt}       1333 {c |}{res}          1        0.00       94.61
{txt}       1340 {c |}{res}          4        0.02       94.63
{txt}       1345 {c |}{res}          1        0.00       94.64
{txt}       1350 {c |}{res}         13        0.06       94.69
{txt}    1356.58 {c |}{res}          1        0.00       94.70
{txt}       1359 {c |}{res}          1        0.00       94.70
{txt}       1360 {c |}{res}          5        0.02       94.72
{txt}       1372 {c |}{res}          1        0.00       94.73
{txt}       1373 {c |}{res}          1        0.00       94.73
{txt}       1375 {c |}{res}          2        0.01       94.74
{txt}       1380 {c |}{res}          7        0.03       94.77
{txt}       1390 {c |}{res}          1        0.00       94.78
{txt}       1400 {c |}{res}         35        0.15       94.93
{txt}       1402 {c |}{res}          1        0.00       94.94
{txt}       1408 {c |}{res}          1        0.00       94.94
{txt}       1410 {c |}{res}          1        0.00       94.94
{txt}       1420 {c |}{res}          4        0.02       94.96
{txt}       1430 {c |}{res}          3        0.01       94.97
{txt}       1432 {c |}{res}          1        0.00       94.98
{txt}     1434.5 {c |}{res}          1        0.00       94.98
{txt}       1435 {c |}{res}          1        0.00       94.99
{txt}       1436 {c |}{res}          1        0.00       94.99
{txt}       1438 {c |}{res}          1        0.00       95.00
{txt}       1440 {c |}{res}          3        0.01       95.01
{txt}       1445 {c |}{res}          1        0.00       95.01
{txt}       1450 {c |}{res}          7        0.03       95.05
{txt}       1452 {c |}{res}          1        0.00       95.05
{txt}       1460 {c |}{res}          1        0.00       95.05
{txt}       1470 {c |}{res}          2        0.01       95.06
{txt}    1474.96 {c |}{res}          1        0.00       95.07
{txt}       1475 {c |}{res}          2        0.01       95.08
{txt}       1477 {c |}{res}          1        0.00       95.08
{txt}       1500 {c |}{res}         63        0.28       95.36
{txt}       1501 {c |}{res}          1        0.00       95.36
{txt}       1505 {c |}{res}          1        0.00       95.37
{txt}     1511.4 {c |}{res}          1        0.00       95.37
{txt}       1512 {c |}{res}          2        0.01       95.38
{txt}       1515 {c |}{res}          1        0.00       95.38
{txt}       1520 {c |}{res}          4        0.02       95.40
{txt}       1525 {c |}{res}          2        0.01       95.41
{txt}       1530 {c |}{res}          3        0.01       95.42
{txt}     1534.5 {c |}{res}          1        0.00       95.43
{txt}       1535 {c |}{res}          1        0.00       95.43
{txt}       1539 {c |}{res}          1        0.00       95.44
{txt}       1540 {c |}{res}          3        0.01       95.45
{txt}       1550 {c |}{res}         11        0.05       95.50
{txt}       1554 {c |}{res}          1        0.00       95.50
{txt}       1558 {c |}{res}          1        0.00       95.51
{txt}       1560 {c |}{res}          3        0.01       95.52
{txt}       1565 {c |}{res}          2        0.01       95.53
{txt}       1570 {c |}{res}          1        0.00       95.53
{txt}       1575 {c |}{res}          2        0.01       95.54
{txt}       1580 {c |}{res}          2        0.01       95.55
{txt}       1584 {c |}{res}          1        0.00       95.55
{txt}       1590 {c |}{res}          3        0.01       95.57
{txt}       1600 {c |}{res}         36        0.16       95.73
{txt}       1620 {c |}{res}          3        0.01       95.74
{txt}       1625 {c |}{res}          2        0.01       95.75
{txt}       1630 {c |}{res}          3        0.01       95.76
{txt}       1638 {c |}{res}          1        0.00       95.77
{txt}       1641 {c |}{res}          1        0.00       95.77
{txt}       1645 {c |}{res}          2        0.01       95.78
{txt}       1648 {c |}{res}          1        0.00       95.78
{txt}       1650 {c |}{res}         11        0.05       95.83
{txt}       1660 {c |}{res}          2        0.01       95.84
{txt}       1661 {c |}{res}          1        0.00       95.84
{txt}       1662 {c |}{res}          1        0.00       95.85
{txt}       1675 {c |}{res}          1        0.00       95.85
{txt}       1680 {c |}{res}          3        0.01       95.87
{txt}       1685 {c |}{res}          1        0.00       95.87
{txt}       1687 {c |}{res}          1        0.00       95.88
{txt}       1690 {c |}{res}          1        0.00       95.88
{txt}       1697 {c |}{res}          1        0.00       95.88
{txt}       1700 {c |}{res}         21        0.09       95.98
{txt}       1705 {c |}{res}          1        0.00       95.98
{txt}       1710 {c |}{res}          2        0.01       95.99
{txt}       1712 {c |}{res}          2        0.01       96.00
{txt}       1715 {c |}{res}          2        0.01       96.01
{txt}       1720 {c |}{res}          2        0.01       96.02
{txt}       1725 {c |}{res}          3        0.01       96.03
{txt}       1729 {c |}{res}          1        0.00       96.03
{txt}       1730 {c |}{res}          4        0.02       96.05
{txt}       1740 {c |}{res}          2        0.01       96.06
{txt}       1743 {c |}{res}          1        0.00       96.06
{txt}       1750 {c |}{res}         11        0.05       96.11
{txt}       1753 {c |}{res}          1        0.00       96.12
{txt}    1754.64 {c |}{res}          1        0.00       96.12
{txt}       1770 {c |}{res}          1        0.00       96.13
{txt}       1775 {c |}{res}          3        0.01       96.14
{txt}       1784 {c |}{res}          1        0.00       96.14
{txt}       1785 {c |}{res}          1        0.00       96.15
{txt}       1795 {c |}{res}          1        0.00       96.15
{txt}       1800 {c |}{res}         39        0.17       96.32
{txt}       1802 {c |}{res}          1        0.00       96.33
{txt}       1810 {c |}{res}          1        0.00       96.33
{txt}       1812 {c |}{res}          1        0.00       96.34
{txt}       1816 {c |}{res}          1        0.00       96.34
{txt}       1820 {c |}{res}          2        0.01       96.35
{txt}       1823 {c |}{res}          1        0.00       96.35
{txt}       1824 {c |}{res}          1        0.00       96.36
{txt}       1830 {c |}{res}          2        0.01       96.37
{txt}       1832 {c |}{res}          2        0.01       96.38
{txt}       1833 {c |}{res}          1        0.00       96.38
{txt}       1850 {c |}{res}          7        0.03       96.41
{txt}       1860 {c |}{res}          2        0.01       96.42
{txt}       1870 {c |}{res}          1        0.00       96.42
{txt}       1875 {c |}{res}          3        0.01       96.44
{txt}       1880 {c |}{res}          1        0.00       96.44
{txt}       1890 {c |}{res}          1        0.00       96.45
{txt}       1900 {c |}{res}         10        0.04       96.49
{txt}       1905 {c |}{res}          1        0.00       96.49
{txt}       1915 {c |}{res}          1        0.00       96.50
{txt}       1916 {c |}{res}          1        0.00       96.50
{txt}       1918 {c |}{res}          1        0.00       96.51
{txt}       1920 {c |}{res}          2        0.01       96.52
{txt}       1923 {c |}{res}          1        0.00       96.52
{txt}       1925 {c |}{res}          2        0.01       96.53
{txt}       1930 {c |}{res}          1        0.00       96.53
{txt}       1935 {c |}{res}          1        0.00       96.54
{txt}       1936 {c |}{res}          1        0.00       96.54
{txt}       1950 {c |}{res}         10        0.04       96.59
{txt}       1960 {c |}{res}          1        0.00       96.59
{txt}       1980 {c |}{res}          2        0.01       96.60
{txt}       1983 {c |}{res}          1        0.00       96.60
{txt}       1995 {c |}{res}          2        0.01       96.61
{txt}       2000 {c |}{res}         34        0.15       96.76
{txt}       2001 {c |}{res}          1        0.00       96.77
{txt}       2010 {c |}{res}          1        0.00       96.77
{txt}       2015 {c |}{res}          1        0.00       96.78
{txt}       2020 {c |}{res}          2        0.01       96.78
{txt}       2023 {c |}{res}          1        0.00       96.79
{txt}       2030 {c |}{res}          3        0.01       96.80
{txt}       2040 {c |}{res}          1        0.00       96.81
{txt}       2050 {c |}{res}          6        0.03       96.83
{txt}       2055 {c |}{res}          1        0.00       96.84
{txt}       2060 {c |}{res}          3        0.01       96.85
{txt}       2064 {c |}{res}          1        0.00       96.85
{txt}       2066 {c |}{res}          1        0.00       96.86
{txt}       2070 {c |}{res}          2        0.01       96.87
{txt}       2075 {c |}{res}          1        0.00       96.87
{txt}       2080 {c |}{res}          2        0.01       96.88
{txt}       2084 {c |}{res}          1        0.00       96.89
{txt}    2093.75 {c |}{res}          1        0.00       96.89
{txt}       2099 {c |}{res}          1        0.00       96.89
{txt}       2100 {c |}{res}         19        0.08       96.98
{txt}       2110 {c |}{res}          1        0.00       96.98
{txt}       2113 {c |}{res}          1        0.00       96.99
{txt}       2120 {c |}{res}          2        0.01       97.00
{txt}    2121.27 {c |}{res}          1        0.00       97.00
{txt}       2134 {c |}{res}          1        0.00       97.00
{txt}       2140 {c |}{res}          1        0.00       97.01
{txt}       2148 {c |}{res}          1        0.00       97.01
{txt}       2150 {c |}{res}         12        0.05       97.07
{txt}       2160 {c |}{res}          2        0.01       97.07
{txt}       2165 {c |}{res}          1        0.00       97.08
{txt}       2175 {c |}{res}          1        0.00       97.08
{txt}       2180 {c |}{res}          3        0.01       97.10
{txt}       2185 {c |}{res}          1        0.00       97.10
{txt}       2200 {c |}{res}         19        0.08       97.18
{txt}       2220 {c |}{res}          1        0.00       97.19
{txt}       2230 {c |}{res}          3        0.01       97.20
{txt}    2230.25 {c |}{res}          1        0.00       97.21
{txt}       2250 {c |}{res}          6        0.03       97.23
{txt}       2270 {c |}{res}          1        0.00       97.24
{txt}       2280 {c |}{res}          1        0.00       97.24
{txt}       2285 {c |}{res}          1        0.00       97.25
{txt}       2286 {c |}{res}          1        0.00       97.25
{txt}       2300 {c |}{res}         12        0.05       97.30
{txt}       2305 {c |}{res}          1        0.00       97.31
{txt}       2320 {c |}{res}          1        0.00       97.31
{txt}       2325 {c |}{res}          1        0.00       97.32
{txt}       2330 {c |}{res}          1        0.00       97.32
{txt}       2345 {c |}{res}          2        0.01       97.33
{txt}       2350 {c |}{res}          4        0.02       97.35
{txt}       2380 {c |}{res}          2        0.01       97.36
{txt}       2385 {c |}{res}          1        0.00       97.36
{txt}       2400 {c |}{res}          9        0.04       97.40
{txt}       2409 {c |}{res}          1        0.00       97.40
{txt}       2420 {c |}{res}          1        0.00       97.41
{txt}       2430 {c |}{res}          1        0.00       97.41
{txt}    2436.54 {c |}{res}          1        0.00       97.42
{txt}       2440 {c |}{res}          2        0.01       97.43
{txt}       2450 {c |}{res}          5        0.02       97.45
{txt}       2456 {c |}{res}          1        0.00       97.45
{txt}       2460 {c |}{res}          2        0.01       97.46
{txt}       2480 {c |}{res}          1        0.00       97.47
{txt}    2483.92 {c |}{res}          1        0.00       97.47
{txt}       2500 {c |}{res}         22        0.10       97.57
{txt}       2520 {c |}{res}          1        0.00       97.57
{txt}       2530 {c |}{res}          2        0.01       97.58
{txt}       2545 {c |}{res}          1        0.00       97.58
{txt}       2550 {c |}{res}          2        0.01       97.59
{txt}    2552.09 {c |}{res}          1        0.00       97.60
{txt}       2560 {c |}{res}          3        0.01       97.61
{txt}       2575 {c |}{res}          1        0.00       97.61
{txt}     2580.6 {c |}{res}          1        0.00       97.62
{txt}       2588 {c |}{res}          1        0.00       97.62
{txt}       2595 {c |}{res}          1        0.00       97.63
{txt}       2600 {c |}{res}         14        0.06       97.69
{txt}       2604 {c |}{res}          1        0.00       97.69
{txt}       2605 {c |}{res}          1        0.00       97.70
{txt}       2620 {c |}{res}          1        0.00       97.70
{txt}       2630 {c |}{res}          1        0.00       97.71
{txt}       2640 {c |}{res}          1        0.00       97.71
{txt}       2650 {c |}{res}          3        0.01       97.72
{txt}       2660 {c |}{res}          2        0.01       97.73
{txt}       2670 {c |}{res}          1        0.00       97.74
{txt}       2674 {c |}{res}          1        0.00       97.74
{txt}       2680 {c |}{res}          1        0.00       97.75
{txt}       2684 {c |}{res}          1        0.00       97.75
{txt}       2700 {c |}{res}          9        0.04       97.79
{txt}       2730 {c |}{res}          1        0.00       97.79
{txt}       2736 {c |}{res}          1        0.00       97.80
{txt}       2750 {c |}{res}          4        0.02       97.82
{txt}       2800 {c |}{res}         10        0.04       97.86
{txt}       2805 {c |}{res}          1        0.00       97.87
{txt}       2806 {c |}{res}          1        0.00       97.87
{txt}       2810 {c |}{res}          2        0.01       97.88
{txt}       2850 {c |}{res}          3        0.01       97.89
{txt}       2870 {c |}{res}          1        0.00       97.90
{txt}       2880 {c |}{res}          2        0.01       97.90
{txt}       2900 {c |}{res}          4        0.02       97.92
{txt}       2910 {c |}{res}          1        0.00       97.93
{txt}     2910.5 {c |}{res}          1        0.00       97.93
{txt}       2940 {c |}{res}          1        0.00       97.94
{txt}       2953 {c |}{res}          1        0.00       97.94
{txt}       2968 {c |}{res}          1        0.00       97.94
{txt}       2970 {c |}{res}          1        0.00       97.95
{txt}       2975 {c |}{res}          1        0.00       97.95
{txt}       2991 {c |}{res}          1        0.00       97.96
{txt}       3000 {c |}{res}         26        0.11       98.07
{txt}       3015 {c |}{res}          1        0.00       98.08
{txt}       3020 {c |}{res}          1        0.00       98.08
{txt}       3030 {c |}{res}          3        0.01       98.09
{txt}       3040 {c |}{res}          3        0.01       98.11
{txt}       3042 {c |}{res}          1        0.00       98.11
{txt}       3050 {c |}{res}          6        0.03       98.14
{txt}       3054 {c |}{res}          1        0.00       98.14
{txt}       3060 {c |}{res}          3        0.01       98.16
{txt}       3070 {c |}{res}          2        0.01       98.16
{txt}       3075 {c |}{res}          1        0.00       98.17
{txt}       3099 {c |}{res}          1        0.00       98.17
{txt}       3100 {c |}{res}         11        0.05       98.22
{txt}       3101 {c |}{res}          1        0.00       98.23
{txt}       3140 {c |}{res}          2        0.01       98.23
{txt}    3151.94 {c |}{res}          1        0.00       98.24
{txt}       3174 {c |}{res}          1        0.00       98.24
{txt}       3175 {c |}{res}          1        0.00       98.25
{txt}       3195 {c |}{res}          1        0.00       98.25
{txt}       3200 {c |}{res}         15        0.07       98.32
{txt}       3230 {c |}{res}          1        0.00       98.32
{txt}       3234 {c |}{res}          1        0.00       98.33
{txt}       3250 {c |}{res}          2        0.01       98.34
{txt}       3252 {c |}{res}          1        0.00       98.34
{txt}    3252.84 {c |}{res}          1        0.00       98.34
{txt}       3277 {c |}{res}          1        0.00       98.35
{txt}       3280 {c |}{res}          1        0.00       98.35
{txt}     3286.6 {c |}{res}          1        0.00       98.36
{txt}       3290 {c |}{res}          1        0.00       98.36
{txt}    3291.03 {c |}{res}          1        0.00       98.37
{txt}       3300 {c |}{res}          8        0.04       98.40
{txt}       3324 {c |}{res}          1        0.00       98.41
{txt}    3334.83 {c |}{res}          1        0.00       98.41
{txt}       3350 {c |}{res}          5        0.02       98.43
{txt}       3368 {c |}{res}          1        0.00       98.44
{txt}       3384 {c |}{res}          1        0.00       98.44
{txt}       3400 {c |}{res}          7        0.03       98.47
{txt}       3450 {c |}{res}          1        0.00       98.48
{txt}       3460 {c |}{res}          1        0.00       98.48
{txt}       3496 {c |}{res}          1        0.00       98.48
{txt}       3500 {c |}{res}          8        0.04       98.52
{txt}       3510 {c |}{res}          1        0.00       98.52
{txt}       3520 {c |}{res}          1        0.00       98.53
{txt}       3530 {c |}{res}          1        0.00       98.53
{txt}       3550 {c |}{res}          1        0.00       98.54
{txt}       3570 {c |}{res}          1        0.00       98.54
{txt}       3575 {c |}{res}          1        0.00       98.55
{txt}       3587 {c |}{res}          1        0.00       98.55
{txt}       3590 {c |}{res}          1        0.00       98.55
{txt}       3600 {c |}{res}          4        0.02       98.57
{txt}       3610 {c |}{res}          1        0.00       98.58
{txt}       3650 {c |}{res}          2        0.01       98.59
{txt}       3660 {c |}{res}          1        0.00       98.59
{txt}       3686 {c |}{res}          1        0.00       98.59
{txt}       3700 {c |}{res}          6        0.03       98.62
{txt}       3708 {c |}{res}          1        0.00       98.63
{txt}       3750 {c |}{res}          2        0.01       98.63
{txt}       3775 {c |}{res}          1        0.00       98.64
{txt}       3780 {c |}{res}          2        0.01       98.65
{txt}       3800 {c |}{res}          7        0.03       98.68
{txt}       3805 {c |}{res}          1        0.00       98.68
{txt}       3865 {c |}{res}          1        0.00       98.69
{txt}       3900 {c |}{res}          1        0.00       98.69
{txt}       3930 {c |}{res}          1        0.00       98.70
{txt}       3955 {c |}{res}          1        0.00       98.70
{txt}       3990 {c |}{res}          1        0.00       98.70
{txt}       4000 {c |}{res}          9        0.04       98.74
{txt}       4001 {c |}{res}          1        0.00       98.75
{txt}       4010 {c |}{res}          1        0.00       98.75
{txt}    4013.15 {c |}{res}          1        0.00       98.76
{txt}       4050 {c |}{res}          3        0.01       98.77
{txt}       4095 {c |}{res}          1        0.00       98.77
{txt}       4100 {c |}{res}          7        0.03       98.81
{txt}       4120 {c |}{res}          2        0.01       98.81
{txt}     4170.3 {c |}{res}          1        0.00       98.82
{txt}       4200 {c |}{res}          4        0.02       98.84
{txt}       4230 {c |}{res}          1        0.00       98.84
{txt}       4250 {c |}{res}          1        0.00       98.84
{txt}       4260 {c |}{res}          1        0.00       98.85
{txt}       4275 {c |}{res}          1        0.00       98.85
{txt}       4300 {c |}{res}          4        0.02       98.87
{txt}       4318 {c |}{res}          1        0.00       98.88
{txt}       4356 {c |}{res}          1        0.00       98.88
{txt}       4372 {c |}{res}          1        0.00       98.88
{txt}       4400 {c |}{res}          3        0.01       98.90
{txt}       4402 {c |}{res}          1        0.00       98.90
{txt}       4405 {c |}{res}          1        0.00       98.91
{txt}       4500 {c |}{res}         10        0.04       98.95
{txt}     4529.6 {c |}{res}          1        0.00       98.95
{txt}       4600 {c |}{res}          5        0.02       98.98
{txt}       4630 {c |}{res}          2        0.01       98.99
{txt}       4675 {c |}{res}          1        0.00       98.99
{txt}       4700 {c |}{res}          1        0.00       98.99
{txt}       4720 {c |}{res}          1        0.00       99.00
{txt}       4740 {c |}{res}          1        0.00       99.00
{txt}    4746.16 {c |}{res}          1        0.00       99.01
{txt}       4758 {c |}{res}          1        0.00       99.01
{txt}       4770 {c |}{res}          1        0.00       99.02
{txt}       4800 {c |}{res}          1        0.00       99.02
{txt}       4840 {c |}{res}          1        0.00       99.02
{txt}       4880 {c |}{res}          1        0.00       99.03
{txt}       4900 {c |}{res}          2        0.01       99.04
{txt}       4960 {c |}{res}          1        0.00       99.04
{txt}    4992.47 {c |}{res}          1        0.00       99.05
{txt}       5000 {c |}{res}          8        0.04       99.08
{txt}       5047 {c |}{res}          1        0.00       99.09
{txt}       5048 {c |}{res}          1        0.00       99.09
{txt}       5050 {c |}{res}          1        0.00       99.10
{txt}       5072 {c |}{res}          1        0.00       99.10
{txt}       5080 {c |}{res}          1        0.00       99.10
{txt}       5100 {c |}{res}          2        0.01       99.11
{txt}       5120 {c |}{res}          1        0.00       99.12
{txt}       5124 {c |}{res}          1        0.00       99.12
{txt}       5150 {c |}{res}          3        0.01       99.13
{txt}       5200 {c |}{res}          3        0.01       99.15
{txt}       5270 {c |}{res}          1        0.00       99.15
{txt}       5290 {c |}{res}          1        0.00       99.16
{txt}       5300 {c |}{res}          3        0.01       99.17
{txt}       5335 {c |}{res}          1        0.00       99.17
{txt}       5400 {c |}{res}          2        0.01       99.18
{txt}       5475 {c |}{res}          1        0.00       99.19
{txt}       5500 {c |}{res}          3        0.01       99.20
{txt}       5550 {c |}{res}          1        0.00       99.20
{txt}       5600 {c |}{res}          3        0.01       99.22
{txt}       5636 {c |}{res}          1        0.00       99.22
{txt}       5650 {c |}{res}          2        0.01       99.23
{txt}       5800 {c |}{res}          2        0.01       99.24
{txt}       5900 {c |}{res}          4        0.02       99.26
{txt}       6000 {c |}{res}          7        0.03       99.29
{txt}       6030 {c |}{res}          1        0.00       99.29
{txt}       6040 {c |}{res}          1        0.00       99.30
{txt}       6100 {c |}{res}          1        0.00       99.30
{txt}       6105 {c |}{res}          1        0.00       99.31
{txt}       6120 {c |}{res}          1        0.00       99.31
{txt}       6150 {c |}{res}          3        0.01       99.32
{txt}       6200 {c |}{res}          3        0.01       99.34
{txt}       6250 {c |}{res}          1        0.00       99.34
{txt}       6300 {c |}{res}          3        0.01       99.35
{txt}       6400 {c |}{res}          3        0.01       99.37
{txt}       6500 {c |}{res}          1        0.00       99.37
{txt}       6750 {c |}{res}          1        0.00       99.38
{txt}       6800 {c |}{res}          1        0.00       99.38
{txt}       6900 {c |}{res}          1        0.00       99.39
{txt}       6924 {c |}{res}          1        0.00       99.39
{txt}       7000 {c |}{res}          5        0.02       99.41
{txt}       7010 {c |}{res}          1        0.00       99.42
{txt}       7020 {c |}{res}          1        0.00       99.42
{txt}       7060 {c |}{res}          1        0.00       99.42
{txt}       7100 {c |}{res}          3        0.01       99.44
{txt}       7211 {c |}{res}          1        0.00       99.44
{txt}       7300 {c |}{res}          3        0.01       99.46
{txt}       7400 {c |}{res}          3        0.01       99.47
{txt}       7470 {c |}{res}          1        0.00       99.47
{txt}       7535 {c |}{res}          1        0.00       99.48
{txt}       7550 {c |}{res}          1        0.00       99.48
{txt}    7600.75 {c |}{res}          1        0.00       99.49
{txt}    7626.32 {c |}{res}          1        0.00       99.49
{txt}       7700 {c |}{res}          2        0.01       99.50
{txt}       7710 {c |}{res}          1        0.00       99.50
{txt}       7800 {c |}{res}          2        0.01       99.51
{txt}       7850 {c |}{res}          1        0.00       99.52
{txt}       7900 {c |}{res}          1        0.00       99.52
{txt}       7950 {c |}{res}          1        0.00       99.53
{txt}       8036 {c |}{res}          1        0.00       99.53
{txt}       8040 {c |}{res}          1        0.00       99.53
{txt}       8050 {c |}{res}          1        0.00       99.54
{txt}       8080 {c |}{res}          1        0.00       99.54
{txt}       8150 {c |}{res}          1        0.00       99.55
{txt}       8200 {c |}{res}          1        0.00       99.55
{txt}       8250 {c |}{res}          1        0.00       99.56
{txt}       8400 {c |}{res}          1        0.00       99.56
{txt}       8500 {c |}{res}          1        0.00       99.57
{txt}       8600 {c |}{res}          1        0.00       99.57
{txt}       8700 {c |}{res}          1        0.00       99.57
{txt}       8750 {c |}{res}          1        0.00       99.58
{txt}       8840 {c |}{res}          1        0.00       99.58
{txt}       9012 {c |}{res}          1        0.00       99.59
{txt}       9100 {c |}{res}          2        0.01       99.60
{txt}       9300 {c |}{res}          2        0.01       99.60
{txt}       9360 {c |}{res}          1        0.00       99.61
{txt}       9370 {c |}{res}          1        0.00       99.61
{txt}       9400 {c |}{res}          1        0.00       99.62
{txt}       9490 {c |}{res}          1        0.00       99.62
{txt}       9500 {c |}{res}          1        0.00       99.63
{txt}    9942.07 {c |}{res}          1        0.00       99.63
{txt}      10000 {c |}{res}          3        0.01       99.64
{txt}      10010 {c |}{res}          1        0.00       99.65
{txt}      10144 {c |}{res}          1        0.00       99.65
{txt}      10200 {c |}{res}          1        0.00       99.66
{txt}      10300 {c |}{res}          1        0.00       99.66
{txt}      10340 {c |}{res}          1        0.00       99.67
{txt}      10450 {c |}{res}          2        0.01       99.67
{txt}      10520 {c |}{res}          1        0.00       99.68
{txt}      10600 {c |}{res}          2        0.01       99.69
{txt}      11500 {c |}{res}          1        0.00       99.69
{txt}      11750 {c |}{res}          1        0.00       99.70
{txt}      12200 {c |}{res}          1        0.00       99.70
{txt}      12700 {c |}{res}          1        0.00       99.71
{txt}      12800 {c |}{res}          2        0.01       99.71
{txt}      12844 {c |}{res}          1        0.00       99.72
{txt}      13012 {c |}{res}          1        0.00       99.72
{txt}      13400 {c |}{res}          1        0.00       99.73
{txt}      13500 {c |}{res}          1        0.00       99.73
{txt}      13650 {c |}{res}          1        0.00       99.74
{txt}      14300 {c |}{res}          1        0.00       99.74
{txt}      14529 {c |}{res}          1        0.00       99.75
{txt}      14750 {c |}{res}          1        0.00       99.75
{txt}      15000 {c |}{res}          1        0.00       99.75
{txt}      15150 {c |}{res}          1        0.00       99.76
{txt}      15220 {c |}{res}          1        0.00       99.76
{txt}      15300 {c |}{res}          1        0.00       99.77
{txt}      16000 {c |}{res}          1        0.00       99.77
{txt}      16800 {c |}{res}          1        0.00       99.78
{txt}      17200 {c |}{res}          1        0.00       99.78
{txt}      17325 {c |}{res}          1        0.00       99.78
{txt}      19300 {c |}{res}          1        0.00       99.79
{txt}      20000 {c |}{res}          3        0.01       99.80
{txt}      20080 {c |}{res}          1        0.00       99.81
{txt}      20120 {c |}{res}          1        0.00       99.81
{txt}      20140 {c |}{res}          1        0.00       99.82
{txt}      20175 {c |}{res}          1        0.00       99.82
{txt}      20197 {c |}{res}          1        0.00       99.82
{txt}      20300 {c |}{res}          1        0.00       99.83
{txt}      20500 {c |}{res}          1        0.00       99.83
{txt}      21000 {c |}{res}          1        0.00       99.84
{txt}      21800 {c |}{res}          1        0.00       99.84
{txt}    22660.5 {c |}{res}          1        0.00       99.85
{txt}      23000 {c |}{res}          1        0.00       99.85
{txt}      23060 {c |}{res}          1        0.00       99.86
{txt}      23100 {c |}{res}          1        0.00       99.86
{txt}      23300 {c |}{res}          1        0.00       99.86
{txt}      23400 {c |}{res}          1        0.00       99.87
{txt}      23540 {c |}{res}          1        0.00       99.87
{txt}      24825 {c |}{res}          1        0.00       99.88
{txt}   24975.18 {c |}{res}          1        0.00       99.88
{txt}      25200 {c |}{res}          1        0.00       99.89
{txt}      25400 {c |}{res}          1        0.00       99.89
{txt}      25500 {c |}{res}          1        0.00       99.89
{txt}      26000 {c |}{res}          1        0.00       99.90
{txt}      26500 {c |}{res}          1        0.00       99.90
{txt}      27000 {c |}{res}          1        0.00       99.91
{txt}      27100 {c |}{res}          1        0.00       99.91
{txt}      29200 {c |}{res}          1        0.00       99.92
{txt}      30760 {c |}{res}          1        0.00       99.92
{txt}      32250 {c |}{res}          1        0.00       99.93
{txt}      33000 {c |}{res}          1        0.00       99.93
{txt}   37353.39 {c |}{res}          1        0.00       99.93
{txt}      40575 {c |}{res}          1        0.00       99.94
{txt}      40600 {c |}{res}          1        0.00       99.94
{txt}      40800 {c |}{res}          1        0.00       99.95
{txt}      41500 {c |}{res}          1        0.00       99.95
{txt}      50700 {c |}{res}          1        0.00       99.96
{txt}      60300 {c |}{res}          1        0.00       99.96
{txt}      84230 {c |}{res}          1        0.00       99.96
{txt}      85600 {c |}{res}          1        0.00       99.97
{txt}      95200 {c |}{res}          1        0.00       99.97
{txt}     100100 {c |}{res}          1        0.00       99.98
{txt}     100800 {c |}{res}          1        0.00       99.98
{txt}     124400 {c |}{res}          1        0.00       99.99
{txt}     200040 {c |}{res}          1        0.00       99.99
{txt}    8301400 {c |}{res}          1        0.00      100.00
{txt}   2.20e+07 {c |}{res}          1        0.00      100.00
{txt}{hline 12}{c +}{hline 35}
      Total {c |}{res}     22,766      100.00

{com}. tab hhinc_pctfpl

  {txt}Household {c |}
  income as {c |}
 percent of {c |}
    federal {c |}
    poverty {c |}
       line {c |}      Freq.     Percent        Cum.
{hline 12}{c +}{hline 35}
          0 {c |}{res}      2,766       12.93       12.93
{txt}          0 {c |}{res}          1        0.00       12.94
{txt}          1 {c |}{res}          1        0.00       12.94
{txt}          1 {c |}{res}          1        0.00       12.94
{txt}          2 {c |}{res}          1        0.00       12.95
{txt}          2 {c |}{res}          1        0.00       12.95
{txt}          2 {c |}{res}          1        0.00       12.96
{txt}          2 {c |}{res}          1        0.00       12.96
{txt}          3 {c |}{res}          4        0.02       12.98
{txt}          3 {c |}{res}          6        0.03       13.01
{txt}          3 {c |}{res}         16        0.07       13.08
{txt}          3 {c |}{res}         16        0.07       13.16
{txt}          4 {c |}{res}         27        0.13       13.29
{txt}          4 {c |}{res}         87        0.41       13.69
{txt}          5 {c |}{res}          1        0.00       13.70
{txt}          5 {c |}{res}        150        0.70       14.40
{txt}          6 {c |}{res}        272        1.27       15.67
{txt}          7 {c |}{res}          1        0.00       15.67
{txt}          7 {c |}{res}        420        1.96       17.64
{txt}          7 {c |}{res}          1        0.00       17.64
{txt}          8 {c |}{res}          1        0.00       17.65
{txt}          8 {c |}{res}          5        0.02       17.67
{txt}          9 {c |}{res}        655        3.06       20.73
{txt}          9 {c |}{res}          6        0.03       20.76
{txt}         10 {c |}{res}         10        0.05       20.81
{txt}         11 {c |}{res}         19        0.09       20.90
{txt}         12 {c |}{res}        575        2.69       23.58
{txt}         13 {c |}{res}         63        0.29       23.88
{txt}         13 {c |}{res}          2        0.01       23.89
{txt}         14 {c |}{res}          1        0.00       23.89
{txt}         14 {c |}{res}          3        0.01       23.91
{txt}         15 {c |}{res}         90        0.42       24.33
{txt}         15 {c |}{res}          1        0.00       24.33
{txt}         15 {c |}{res}          4        0.02       24.35
{txt}         17 {c |}{res}         16        0.07       24.43
{txt}         17 {c |}{res}        187        0.87       25.30
{txt}         18 {c |}{res}          3        0.01       25.31
{txt}         18 {c |}{res}          1        0.00       25.32
{txt}         19 {c |}{res}         32        0.15       25.47
{txt}         19 {c |}{res}          1        0.00       25.47
{txt}         20 {c |}{res}          6        0.03       25.50
{txt}         20 {c |}{res}          1        0.00       25.51
{txt}         20 {c |}{res}        252        1.18       26.68
{txt}         21 {c |}{res}          1        0.00       26.69
{txt}         21 {c |}{res}         35        0.16       26.85
{txt}         21 {c |}{res}          3        0.01       26.87
{txt}         22 {c |}{res}          2        0.01       26.88
{txt}         24 {c |}{res}         15        0.07       26.95
{txt}         24 {c |}{res}         81        0.38       27.32
{txt}         25 {c |}{res}          5        0.02       27.35
{txt}         26 {c |}{res}        413        1.93       29.28
{txt}         26 {c |}{res}         23        0.11       29.39
{txt}         26 {c |}{res}          3        0.01       29.40
{txt}         28 {c |}{res}          3        0.01       29.41
{txt}         28 {c |}{res}        166        0.78       30.19
{txt}         29 {c |}{res}          1        0.00       30.19
{txt}         30 {c |}{res}         50        0.23       30.43
{txt}         30 {c |}{res}         10        0.05       30.48
{txt}         31 {c |}{res}          2        0.01       30.48
{txt}         32 {c |}{res}          1        0.00       30.49
{txt}         34 {c |}{res}          2        0.01       30.50
{txt}         34 {c |}{res}         34        0.16       30.66
{txt}         34 {c |}{res}        118        0.55       31.21
{txt}         34 {c |}{res}        261        1.22       32.43
{txt}         35 {c |}{res}        345        1.61       34.04
{txt}         37 {c |}{res}          2        0.01       34.05
{txt}         37 {c |}{res}         14        0.07       34.12
{txt}         38 {c |}{res}         66        0.31       34.43
{txt}         39 {c |}{res}          1        0.00       34.43
{txt}         39 {c |}{res}          1        0.00       34.44
{txt}         40 {c |}{res}        231        1.08       35.51
{txt}         40 {c |}{res}          3        0.01       35.53
{txt}         41 {c |}{res}          1        0.00       35.53
{txt}         41 {c |}{res}         20        0.09       35.63
{txt}         42 {c |}{res}          4        0.02       35.65
{txt}         43 {c |}{res}        462        2.16       37.81
{txt}         44 {c |}{res}        151        0.71       38.51
{txt}         44 {c |}{res}         11        0.05       38.56
{txt}         45 {c |}{res}          1        0.00       38.57
{txt}         46 {c |}{res}          1        0.00       38.57
{txt}         46 {c |}{res}          2        0.01       38.58
{txt}         47 {c |}{res}         66        0.31       38.89
{txt}         47 {c |}{res}          1        0.00       38.89
{txt}         48 {c |}{res}          1        0.00       38.90
{txt}         48 {c |}{res}        325        1.52       40.42
{txt}         49 {c |}{res}         17        0.08       40.50
{txt}         49 {c |}{res}          1        0.00       40.50
{txt}         51 {c |}{res}          1        0.00       40.51
{txt}         51 {c |}{res}         13        0.06       40.57
{txt}         51 {c |}{res}        243        1.14       41.70
{txt}         52 {c |}{res}          1        0.00       41.71
{txt}         52 {c |}{res}          5        0.02       41.73
{txt}         53 {c |}{res}        134        0.63       42.36
{txt}         53 {c |}{res}          2        0.01       42.37
{txt}         54 {c |}{res}          2        0.01       42.38
{txt}         55 {c |}{res}         61        0.29       42.66
{txt}         56 {c |}{res}         35        0.16       42.83
{txt}         57 {c |}{res}          5        0.02       42.85
{txt}         58 {c |}{res}        383        1.79       44.64
{txt}         58 {c |}{res}          3        0.01       44.65
{txt}         59 {c |}{res}          3        0.01       44.67
{txt}         60 {c |}{res}          1        0.00       44.67
{txt}         60 {c |}{res}        587        2.74       47.42
{txt}         61 {c |}{res}        357        1.67       49.09
{txt}         62 {c |}{res}        249        1.16       50.25
{txt}         63 {c |}{res}        122        0.57       50.82
{txt}         63 {c |}{res}         55        0.26       51.08
{txt}         64 {c |}{res}         33        0.15       51.23
{txt}         64 {c |}{res}         12        0.06       51.29
{txt}         64 {c |}{res}          4        0.02       51.31
{txt}         70 {c |}{res}          2        0.01       51.32
{txt}         71 {c |}{res}          1        0.00       51.32
{txt}         71 {c |}{res}         11        0.05       51.37
{txt}         71 {c |}{res}         24        0.11       51.48
{txt}         72 {c |}{res}         52        0.24       51.73
{txt}         73 {c |}{res}        137        0.64       52.37
{txt}         74 {c |}{res}        232        1.08       53.45
{txt}         75 {c |}{res}        349        1.63       55.08
{txt}         77 {c |}{res}          4        0.02       55.10
{txt}         77 {c |}{res}        569        2.66       57.76
{txt}         78 {c |}{res}          7        0.03       57.80
{txt}         79 {c |}{res}         28        0.13       57.93
{txt}         80 {c |}{res}         61        0.29       58.21
{txt}         81 {c |}{res}        484        2.26       60.47
{txt}         82 {c |}{res}        117        0.55       61.02
{txt}         83 {c |}{res}          1        0.00       61.03
{txt}         84 {c |}{res}          3        0.01       61.04
{txt}         85 {c |}{res}        209        0.98       62.02
{txt}         86 {c |}{res}          1        0.00       62.02
{txt}         86 {c |}{res}         24        0.11       62.13
{txt}         89 {c |}{res}        233        1.09       63.22
{txt}         89 {c |}{res}         51        0.24       63.46
{txt}         89 {c |}{res}          1        0.00       63.47
{txt}         91 {c |}{res}          1        0.00       63.47
{txt}         92 {c |}{res}        118        0.55       64.02
{txt}         94 {c |}{res}          7        0.03       64.05
{txt}         94 {c |}{res}        562        2.63       66.68
{txt}         95 {c |}{res}          1        0.00       66.69
{txt}         96 {c |}{res}        195        0.91       67.60
{txt}         97 {c |}{res}         56        0.26       67.86
{txt}         98 {c |}{res}          5        0.02       67.88
{txt}         98 {c |}{res}          1        0.00       67.89
{txt}        101 {c |}{res}          1        0.00       67.89
{txt}        101 {c |}{res}         16        0.07       67.97
{txt}        102 {c |}{res}        119        0.56       68.52
{txt}        102 {c |}{res}        274        1.28       69.81
{txt}        104 {c |}{res}          2        0.01       69.81
{txt}        104 {c |}{res}        488        2.28       72.10
{txt}        104 {c |}{res}          1        0.00       72.10
{txt}        105 {c |}{res}          2        0.01       72.11
{txt}        106 {c |}{res}         38        0.18       72.29
{txt}        108 {c |}{res}        237        1.11       73.40
{txt}        109 {c |}{res}          8        0.04       73.43
{txt}        111 {c |}{res}          3        0.01       73.45
{txt}        111 {c |}{res}         94        0.44       73.89
{txt}        112 {c |}{res}        406        1.90       75.78
{txt}        112 {c |}{res}          1        0.00       75.79
{txt}        114 {c |}{res}         28        0.13       75.92
{txt}        116 {c |}{res}        180        0.84       76.76
{txt}        116 {c |}{res}          6        0.03       76.79
{txt}        118 {c |}{res}          2        0.01       76.80
{txt}        119 {c |}{res}        167        0.78       77.58
{txt}        120 {c |}{res}          4        0.02       77.60
{txt}        121 {c |}{res}         69        0.32       77.92
{txt}        123 {c |}{res}          2        0.01       77.93
{txt}        123 {c |}{res}         19        0.09       78.02
{txt}        124 {c |}{res}          8        0.04       78.06
{txt}        125 {c |}{res}          2        0.01       78.07
{txt}        127 {c |}{res}        380        1.78       79.84
{txt}        129 {c |}{res}        356        1.66       81.51
{txt}        130 {c |}{res}        225        1.05       82.56
{txt}        130 {c |}{res}        140        0.65       83.21
{txt}        131 {c |}{res}         51        0.24       83.45
{txt}        131 {c |}{res}         12        0.06       83.51
{txt}        131 {c |}{res}          5        0.02       83.53
{txt}        132 {c |}{res}          2        0.01       83.54
{txt}        135 {c |}{res}          4        0.02       83.56
{txt}        139 {c |}{res}          1        0.00       83.56
{txt}        140 {c |}{res}         20        0.09       83.66
{txt}        141 {c |}{res}         47        0.22       83.88
{txt}        142 {c |}{res}        126        0.59       84.47
{txt}        143 {c |}{res}        129        0.60       85.07
{txt}        146 {c |}{res}        279        1.30       86.37
{txt}        147 {c |}{res}          6        0.03       86.40
{txt}        148 {c |}{res}          9        0.04       86.44
{txt}        150 {c |}{res}        196        0.92       87.36
{txt}        150 {c |}{res}         40        0.19       87.55
{txt}        150 {c |}{res}         11        0.05       87.60
{txt}        153 {c |}{res}         87        0.41       88.00
{txt}        157 {c |}{res}          4        0.02       88.02
{txt}        157 {c |}{res}        121        0.57       88.59
{txt}        160 {c |}{res}         27        0.13       88.71
{txt}        163 {c |}{res}        233        1.09       89.80
{txt}        164 {c |}{res}         52        0.24       90.05
{txt}        165 {c |}{res}          7        0.03       90.08
{txt}        169 {c |}{res}         18        0.08       90.16
{txt}        170 {c |}{res}         14        0.07       90.23
{txt}        171 {c |}{res}         79        0.37       90.60
{txt}        173 {c |}{res}        212        0.99       91.59
{txt}        176 {c |}{res}         58        0.27       91.86
{txt}        179 {c |}{res}          6        0.03       91.89
{txt}        180 {c |}{res}        171        0.80       92.69
{txt}        184 {c |}{res}         55        0.26       92.95
{txt}        187 {c |}{res}         33        0.15       93.10
{txt}        189 {c |}{res}         16        0.07       93.17
{txt}        194 {c |}{res}         51        0.24       93.41
{txt}        196 {c |}{res}        124        0.58       93.99
{txt}        197 {c |}{res}        145        0.68       94.67
{txt}        198 {c |}{res}         55        0.26       94.93
{txt}        198 {c |}{res}         26        0.12       95.05
{txt}        210 {c |}{res}         19        0.09       95.14
{txt}        212 {c |}{res}         34        0.16       95.30
{txt}        214 {c |}{res}         94        0.44       95.74
{txt}        219 {c |}{res}        103        0.48       96.22
{txt}        221 {c |}{res}         23        0.11       96.33
{txt}        225 {c |}{res}         26        0.12       96.45
{txt}        227 {c |}{res}         75        0.35       96.80
{txt}        232 {c |}{res}         57        0.27       97.06
{txt}        239 {c |}{res}         15        0.07       97.13
{txt}        242 {c |}{res}         60        0.28       97.41
{txt}        249 {c |}{res}         56        0.26       97.68
{txt}        253 {c |}{res}         17        0.08       97.76
{txt}        265 {c |}{res}         44        0.21       97.96
{txt}        266 {c |}{res}         41        0.19       98.15
{txt}        266 {c |}{res}         10        0.05       98.20
{txt}        273 {c |}{res}         61        0.29       98.49
{txt}        283 {c |}{res}         47        0.22       98.71
{txt}        289 {c |}{res}         27        0.13       98.83
{txt}        300 {c |}{res}         24        0.11       98.94
{txt}        312 {c |}{res}         17        0.08       99.02
{txt}        317 {c |}{res}         22        0.10       99.13
{txt}        335 {c |}{res}         32        0.15       99.28
{txt}        335 {c |}{res}         16        0.07       99.35
{txt}        343 {c |}{res}         87        0.41       99.76
{txt}        358 {c |}{res}         10        0.05       99.80
{txt}        381 {c |}{res}         10        0.05       99.85
{txt}        404 {c |}{res}          7        0.03       99.88
{txt}        427 {c |}{res}          8        0.04       99.92
{txt}        450 {c |}{res}          4        0.02       99.94
{txt}        462 {c |}{res}         13        0.06      100.00
{txt}{hline 12}{c +}{hline 35}
      Total {c |}{res}     21,391      100.00

{com}. sum needmet_med_cor

{txt}    Variable {c |}        Obs        Mean    Std. dev.       Min        Max
{hline 13}{c +}{hline 57}
needmet_me~m {c |}{res}     22,940    .6191369    .4856096          0          1

{com}. tab needmet_med_cor

    {txt}Got all {c |}
     needed {c |}
    medical {c |}
    care in {c |}
     last 6 {c |}
 months, or {c |}
no med care {c |}
     needed {c |}
(corrected) {c |}      Freq.     Percent        Cum.
{hline 12}{c +}{hline 35}
         No {c |}{res}      8,737       38.09       38.09
{txt}        Yes {c |}{res}     14,203       61.91      100.00
{txt}{hline 12}{c +}{hline 35}
      Total {c |}{res}     22,940      100.00

{com}. sum needmet_rx_cor

{txt}    Variable {c |}        Obs        Mean    Std. dev.       Min        Max
{hline 13}{c +}{hline 57}
needmet_rx~m {c |}{res}     22,860    .7196413    .4491843          0          1

{com}. sum needmet_dent_cor

{txt}    Variable {c |}        Obs        Mean    Std. dev.       Min        Max
{hline 13}{c +}{hline 57}
needmet_de~m {c |}{res}     23,172    .4102365    .4918871          0          1

{com}. gen usual_care if treatment == 1
{err}=exp required
{txt}{search r(100), local:r(100);}

{com}. tab usual_care if treatment == 1

       {txt}Usual place for {c |}
          medical care {c |}      Freq.     Percent        Cum.
{hline 23}{c +}{hline 35}
        private clinic {c |}{res}      3,437       42.78       42.78
{txt}         public clinic {c |}{res}      2,351       29.26       72.03
{txt} hospital-based clinic {c |}{res}        687        8.55       80.58
{txt}           hospital ER {c |}{res}        483        6.01       86.60
{txt}    urgent care clinic {c |}{res}        299        3.72       90.32
{txt}           other place {c |}{res}        464        5.77       96.09
{txt}don't have usual place {c |}{res}        314        3.91      100.00
{txt}{hline 23}{c +}{hline 35}
                 Total {c |}{res}      8,035      100.00

{com}. tab usual_care

       {txt}Usual place for {c |}
          medical care {c |}      Freq.     Percent        Cum.
{hline 23}{c +}{hline 35}
        private clinic {c |}{res}      6,079       38.64       38.64
{txt}         public clinic {c |}{res}      4,659       29.61       68.26
{txt} hospital-based clinic {c |}{res}      1,295        8.23       76.49
{txt}           hospital ER {c |}{res}      1,250        7.95       84.43
{txt}    urgent care clinic {c |}{res}        685        4.35       88.79
{txt}           other place {c |}{res}      1,061        6.74       95.53
{txt}don't have usual place {c |}{res}        703        4.47      100.00
{txt}{hline 23}{c +}{hline 35}
                 Total {c |}{res}     15,732      100.00

{com}. tab usual_care, nolabel

{txt}Usual place {c |}
for medical {c |}
       care {c |}      Freq.     Percent        Cum.
{hline 12}{c +}{hline 35}
          1 {c |}{res}      6,079       38.64       38.64
{txt}          2 {c |}{res}      4,659       29.61       68.26
{txt}          3 {c |}{res}      1,295        8.23       76.49
{txt}          4 {c |}{res}      1,250        7.95       84.43
{txt}          5 {c |}{res}        685        4.35       88.79
{txt}          6 {c |}{res}      1,061        6.74       95.53
{txt}          7 {c |}{res}        703        4.47      100.00
{txt}{hline 12}{c +}{hline 35}
      Total {c |}{res}     15,732      100.00

{com}. gen usual_care_new = .
{txt}(74,922 missing values generated)

{com}. tab usual_care_new 
{txt}no observations

{com}. tab usual_care treatment
{bf}{err}usual_care{sf} ambiguous abbreviation
{txt}{search r(111), local:r(111);}

{com}. tab usual_care treatment, col
{bf}{err}usual_care{sf} ambiguous abbreviation
{txt}{search r(111), local:r(111);}

{com}. replace usual_care_new = 0 if usual_care treatment == 1
{err}usual_care ambiguous abbreviation
{txt}{search r(111), local:r(111);}

{com}. save "/Users/andrew/Downloads/survey12m_X1.dta", replace
{txt}{p 0 4 2}
file {bf}
/Users/andrew/Downloads/survey12m_X1.dta{rm}
saved
{p_end}

{com}. use "/Users/andrew/Downloads/ohp.dta"

. use "/Users/andrew/Downloads/twins_data_2023(1).dta"

. log close
      {txt}name:  {res}<unnamed>
       {txt}log:  {res}/Users/andrew/Desktop/PAF 9272/HW 4 /Andrew Singh HW 4 Log File.smcl
  {txt}log type:  {res}smcl
 {txt}closed on:  {res} 6 Dec 2023, 00:03:52
{txt}{.-}
{smcl}
{txt}{sf}{ul off}